2026-03-15 17:09:27: ⚠️  支撑压力系统 v2.0 API加载失败: No module named 'core'
2026-03-15 17:09:27: ✅ 价格位置预警系统 v2.0 API已加载(JSONL版本)
2026-03-15 17:09:27: ⚠️  逃顶信号系统 v2.0 API加载失败: No module named 'core'
2026-03-15 17:09:27: [Panic Paged V2] API路由已注册
2026-03-15 17:09:27:  * Serving Flask app 'app'
2026-03-15 17:09:27:  * Debug mode: off
2026-03-15 17:10:10: ⚠️  支撑压力系统 v2.0 API加载失败: No module named 'core'
2026-03-15 17:10:10: ✅ 价格位置预警系统 v2.0 API已加载(JSONL版本)
2026-03-15 17:10:10: ⚠️  逃顶信号系统 v2.0 API加载失败: No module named 'core'
2026-03-15 17:10:10: [Panic Paged V2] API路由已注册
2026-03-15 17:10:10:  * Serving Flask app 'app'
2026-03-15 17:10:10:  * Debug mode: off
2026-03-15 17:11:33: ⚠️  支撑压力系统 v2.0 API加载失败: No module named 'core'
2026-03-15 17:11:33: ✅ 价格位置预警系统 v2.0 API已加载(JSONL版本)
2026-03-15 17:11:33: ⚠️  逃顶信号系统 v2.0 API加载失败: No module named 'core'
2026-03-15 17:11:33: [Panic Paged V2] API路由已注册
2026-03-15 17:11:33:  * Serving Flask app 'app'
2026-03-15 17:11:33:  * Debug mode: off
2026-03-15 17:14:31: [正数占比API] 使用北京时间当天数据: 20260316
2026-03-15 17:14:33: [正数占比API] 使用北京时间当天数据: 20260316
2026-03-15 17:14:33: 
2026-03-15 17:14:47: ⚠️  支撑压力系统 v2.0 API加载失败: No module named 'core'
2026-03-15 17:14:47: ✅ 价格位置预警系统 v2.0 API已加载(JSONL版本)
2026-03-15 17:14:47: ⚠️  逃顶信号系统 v2.0 API加载失败: No module named 'core'
2026-03-15 17:14:47: [Panic Paged V2] API路由已注册
2026-03-15 17:14:47:  * Serving Flask app 'app'
2026-03-15 17:14:47:  * Debug mode: off
2026-03-15 17:15:05: [正数占比API] 使用北京时间当天数据: 20260316
2026-03-15 17:15:36: [正数占比API] 使用北京时间当天数据: 20260316
2026-03-15 17:16:07: [正数占比API] 使用北京时间当天数据: 20260316
2026-03-15 17:16:20: [正数占比API] 使用北京时间当天数据: 20260316
2026-03-15 17:17:57: ⚠️  支撑压力系统 v2.0 API加载失败: No module named 'core'
2026-03-15 17:17:57: ✅ 价格位置预警系统 v2.0 API已加载(JSONL版本)
2026-03-15 17:17:57: ⚠️  逃顶信号系统 v2.0 API加载失败: No module named 'core'
2026-03-15 17:17:57: [Panic Paged V2] API路由已注册
2026-03-15 17:17:58:  * Serving Flask app 'app'
2026-03-15 17:17:58:  * Debug mode: off
2026-03-15 17:20:49: [正数占比API] 使用北京时间当天数据: 20260316
2026-03-15 17:20:49: 
2026-03-15 17:20:50: [get_okx_positions] 收到请求
2026-03-15 17:20:50: 
2026-03-15 17:20:50: [get_okx_positions] API Key: b0c18f2d...
2026-03-15 17:20:50: [get_okx_positions] Secret: 已提供
2026-03-15 17:20:50: [get_okx_positions] Passphrase: 已提供
2026-03-15 17:20:50: [get_okx_positions] 准备调用OKX API: https://www.okx.com/api/v5/account/positions
2026-03-15 17:20:50: [get_okx_positions] 签名生成成功, timestamp: 2026-03-15T17:20:50.489Z
2026-03-15 17:20:50: [get_okx_positions] 发送请求到OKX...
2026-03-15 17:20:50: [get_okx_positions] 收到请求
2026-03-15 17:20:50: [get_okx_positions] API Key: b0c18f2d...
2026-03-15 17:20:50: [get_okx_positions] Secret: 已提供
2026-03-15 17:20:50: [get_okx_positions] Passphrase: 已提供
2026-03-15 17:20:50: [get_okx_positions] 准备调用OKX API: https://www.okx.com/api/v5/account/positions
2026-03-15 17:20:50: [get_okx_positions] 签名生成成功, timestamp: 2026-03-15T17:20:50.729Z
2026-03-15 17:20:50: 
2026-03-15 17:20:50: [get_okx_positions] 发送请求到OKX...
2026-03-15 17:20:50: [get_okx_positions] OKX响应状态码: 200
2026-03-15 17:20:50: [get_okx_positions] OKX响应代码: 0
2026-03-15 17:20:50: 
2026-03-15 17:20:50: [get_okx_positions] 原始持仓数据数量: 0
2026-03-15 17:20:50: [get_okx_positions] 过滤后持仓数量: 0
2026-03-15 17:20:50: 
2026-03-15 17:20:50: [get_okx_positions] 总保证金: 0.00 USDT
2026-03-15 17:20:50: 
2026-03-15 17:20:50: [get_okx_positions] 总未实现盈亏: 0.00 USDT
2026-03-15 17:20:51: [get_okx_positions] OKX响应状态码: 200
2026-03-15 17:20:51: [get_okx_positions] OKX响应代码: 0
2026-03-15 17:20:51: 
2026-03-15 17:20:51: [get_okx_positions] 原始持仓数据数量: 0
2026-03-15 17:20:51: [get_okx_positions] 过滤后持仓数量: 0
2026-03-15 17:20:51: [get_okx_positions] 总保证金: 0.00 USDT
2026-03-15 17:20:51: [get_okx_positions] 总未实现盈亏: 0.00 USDT
2026-03-15 17:20:54: [get_okx_positions] 收到请求
2026-03-15 17:20:54: [get_okx_positions] API Key: 8650e46c...
2026-03-15 17:20:54: [get_okx_positions] Secret: 已提供
2026-03-15 17:20:54: [get_okx_positions] Passphrase: 已提供
2026-03-15 17:20:54: [get_okx_positions] 准备调用OKX API: https://www.okx.com/api/v5/account/positions
2026-03-15 17:20:54: [get_okx_positions] 签名生成成功, timestamp: 2026-03-15T17:20:54.172Z
2026-03-15 17:20:54: [get_okx_positions] 发送请求到OKX...
2026-03-15 17:20:54: [正数占比API] 使用北京时间当天数据: 20260316
2026-03-15 17:20:54: 
2026-03-15 17:20:54: [get_okx_positions] OKX响应状态码: 200
2026-03-15 17:20:54: [get_okx_positions] OKX响应代码: 0
2026-03-15 17:20:54: [get_okx_positions] OKX响应消息: 
2026-03-15 17:20:54: [get_okx_positions] 原始持仓数据数量: 8
2026-03-15 17:20:54: [持仓查询] 双向持仓模式 - LINK-USDT-SWAP: posSide=short
2026-03-15 17:20:54: [持仓查询] 双向持仓模式 - STX-USDT-SWAP: posSide=short
2026-03-15 17:20:54: 
2026-03-15 17:20:54: [持仓查询] 双向持仓模式 - UNI-USDT-SWAP: posSide=short
2026-03-15 17:20:54: [持仓查询] 双向持仓模式 - NEAR-USDT-SWAP: posSide=short
2026-03-15 17:20:54: 
2026-03-15 17:20:54: [持仓查询] 双向持仓模式 - APT-USDT-SWAP: posSide=short
2026-03-15 17:20:54: [持仓查询] 双向持仓模式 - CRV-USDT-SWAP: posSide=short
2026-03-15 17:20:54: [get_okx_positions] 过滤后持仓数量: 8
2026-03-15 17:20:54: [get_okx_positions] 总保证金: 24.31 USDT
2026-03-15 17:20:54: [get_okx_positions] 总未实现盈亏: -1.19 USDT
2026-03-15 17:21:08: ⚠️  支撑压力系统 v2.0 API加载失败: No module named 'core'
2026-03-15 17:21:08: ✅ 价格位置预警系统 v2.0 API已加载(JSONL版本)
2026-03-15 17:21:08: ⚠️  逃顶信号系统 v2.0 API加载失败: No module named 'core'
2026-03-15 17:21:08: [Panic Paged V2] API路由已注册
2026-03-15 17:21:08:  * Serving Flask app 'app'
2026-03-15 17:21:08:  * Debug mode: off
2026-03-15 17:21:12: [get_okx_positions] 收到请求
2026-03-15 17:21:12: [get_okx_positions] API Key: 8650e46c...
2026-03-15 17:21:12: [get_okx_positions] Secret: 已提供
2026-03-15 17:21:12: [get_okx_positions] Passphrase: 已提供
2026-03-15 17:21:12: [get_okx_positions] 准备调用OKX API: https://www.okx.com/api/v5/account/positions
2026-03-15 17:21:12: [get_okx_positions] 签名生成成功, timestamp: 2026-03-15T17:21:12.923Z
2026-03-15 17:21:12: [get_okx_positions] 发送请求到OKX...
2026-03-15 17:21:13: [get_okx_positions] OKX响应状态码: 200
2026-03-15 17:21:13: [get_okx_positions] OKX响应代码: 0
2026-03-15 17:21:13: [get_okx_positions] OKX响应消息: 
2026-03-15 17:21:13: [get_okx_positions] 原始持仓数据数量: 8
2026-03-15 17:21:13: [持仓查询] 双向持仓模式 - LINK-USDT-SWAP: posSide=short
2026-03-15 17:21:13: [持仓查询] 双向持仓模式 - STX-USDT-SWAP: posSide=short
2026-03-15 17:21:13: [持仓查询] 双向持仓模式 - SUI-USDT-SWAP: posSide=short
2026-03-15 17:21:13: [持仓查询] 双向持仓模式 - UNI-USDT-SWAP: posSide=short
2026-03-15 17:21:13: [持仓查询] 双向持仓模式 - NEAR-USDT-SWAP: posSide=short
2026-03-15 17:21:13: [持仓查询] 双向持仓模式 - LDO-USDT-SWAP: posSide=short
2026-03-15 17:21:13: [持仓查询] 双向持仓模式 - APT-USDT-SWAP: posSide=short
2026-03-15 17:21:13: [持仓查询] 双向持仓模式 - CRV-USDT-SWAP: posSide=short
2026-03-15 17:21:13: [get_okx_positions] 过滤后持仓数量: 8
2026-03-15 17:21:13: [get_okx_positions] 总保证金: 24.31 USDT
2026-03-15 17:21:13: [get_okx_positions] 总未实现盈亏: -1.21 USDT
2026-03-15 17:21:14: [close_okx_position] 收到平仓请求: instId=LINK-USDT-SWAP, posSide=short, accountId=account_poit_main
2026-03-15 17:21:14: [平仓-账户配置] 持仓模式: long_short_mode
2026-03-15 17:21:15: [平仓前查询] 获取持仓信息: LINK-USDT-SWAP 开仓均价=9.139 未实现盈亏=-0.0363000000000033
2026-03-15 17:21:15: [OKX平仓] 部分平仓(双向持仓): LINK-USDT-SWAP short 3.3张
2026-03-15 17:21:15: [OKX平仓] 请求参数: {'instId': 'LINK-USDT-SWAP', 'tdMode': 'isolated', 'side': 'buy', 'ordType': 'market', 'sz': '3.3', 'reduceOnly': 'true', 'posSide': 'short'}
2026-03-15 17:21:15: [OKX平仓] 响应结果: {'code': '0', 'data': [{'clOrdId': '', 'ordId': '3392114007853064192', 'sCode': '0', 'sMsg': 'Order placed', 'subCode': '', 'tag': '', 'ts': '1773595275237'}], 'inTime': '1773595275237305', 'msg': '', 'outTime': '1773595275239084'}
2026-03-15 17:21:15: [OKX日志] close_position - user_account - success
2026-03-15 17:21:15: [平仓盈亏] 开仓均价=9.1390 未实现盈亏=-0.0363 USDT (-1.20%) 平仓盈亏=-0.0363 USDT (-1.20%)
2026-03-15 17:21:15: [TG通知] 配置文件不存在: /home/user/webapp/core_code/config/configs/telegram_config.json
2026-03-15 17:21:15: [盈亏统计] 记录已保存: data/okx_pnl_statistics/pnl_records.jsonl
2026-03-15 17:21:15: [close_okx_position] 收到平仓请求: instId=STX-USDT-SWAP, posSide=short, accountId=account_poit_main
2026-03-15 17:21:16: [平仓-账户配置] 持仓模式: long_short_mode
2026-03-15 17:21:16: [平仓前查询] 获取持仓信息: STX-USDT-SWAP 开仓均价=0.2529 未实现盈亏=-0.1427999999999975
2026-03-15 17:21:16: [OKX平仓] 部分平仓(双向持仓): STX-USDT-SWAP short 11.9张
2026-03-15 17:21:16: [OKX平仓] 请求参数: {'instId': 'STX-USDT-SWAP', 'tdMode': 'isolated', 'side': 'buy', 'ordType': 'market', 'sz': '11.9', 'reduceOnly': 'true', 'posSide': 'short'}
2026-03-15 17:21:16: [OKX平仓] 响应结果: {'code': '0', 'data': [{'clOrdId': '', 'ordId': '3392114054762160128', 'sCode': '0', 'sMsg': 'Order placed', 'subCode': '', 'tag': '', 'ts': '1773595276635'}], 'inTime': '1773595276634776', 'msg': '', 'outTime': '1773595276636526'}
2026-03-15 17:21:16: [OKX日志] close_position - user_account - success
2026-03-15 17:21:16: [平仓盈亏] 开仓均价=0.2529 未实现盈亏=-0.1428 USDT (-4.74%) 平仓盈亏=-0.1428 USDT (-4.74%)
2026-03-15 17:21:17: [TG通知] 配置文件不存在: /home/user/webapp/core_code/config/configs/telegram_config.json
2026-03-15 17:21:17: [盈亏统计] 记录已保存: data/okx_pnl_statistics/pnl_records.jsonl
2026-03-15 17:21:17: [close_okx_position] 收到平仓请求: instId=SUI-USDT-SWAP, posSide=short, accountId=account_poit_main
2026-03-15 17:21:18: [平仓-账户配置] 持仓模式: long_short_mode
2026-03-15 17:21:18: [平仓前查询] 获取持仓信息: SUI-USDT-SWAP 开仓均价=0.9996 未实现盈亏=-0.0540000000000007
2026-03-15 17:21:18: [OKX平仓] 部分平仓(双向持仓): SUI-USDT-SWAP short 30张
2026-03-15 17:21:18: [OKX平仓] 请求参数: {'instId': 'SUI-USDT-SWAP', 'tdMode': 'isolated', 'side': 'buy', 'ordType': 'market', 'sz': '30', 'reduceOnly': 'true', 'posSide': 'short'}
2026-03-15 17:21:18: [OKX平仓] 响应结果: {'code': '0', 'data': [{'clOrdId': '', 'ordId': '3392114115629899776', 'sCode': '0', 'sMsg': 'Order placed', 'subCode': '', 'tag': '', 'ts': '1773595278449'}], 'inTime': '1773595278449305', 'msg': '', 'outTime': '1773595278451048'}
2026-03-15 17:21:18: [OKX日志] close_position - user_account - success
2026-03-15 17:21:18: [平仓盈亏] 开仓均价=0.9996 未实现盈亏=-0.0540 USDT (-1.80%) 平仓盈亏=-0.0540 USDT (-1.80%)
2026-03-15 17:21:18: [TG通知] 配置文件不存在: /home/user/webapp/core_code/config/configs/telegram_config.json
2026-03-15 17:21:18: [盈亏统计] 记录已保存: data/okx_pnl_statistics/pnl_records.jsonl
2026-03-15 17:21:19: [close_okx_position] 收到平仓请求: instId=UNI-USDT-SWAP, posSide=short, accountId=account_poit_main
2026-03-15 17:21:19: 
2026-03-15 17:21:20: [平仓-账户配置] 持仓模式: long_short_mode
2026-03-15 17:21:20: [平仓前查询] 获取持仓信息: UNI-USDT-SWAP 开仓均价=3.953 未实现盈亏=-0.1360000000000028
2026-03-15 17:21:20: [OKX平仓] 部分平仓(双向持仓): UNI-USDT-SWAP short 8张
2026-03-15 17:21:20: [OKX平仓] 请求参数: {'instId': 'UNI-USDT-SWAP', 'tdMode': 'isolated', 'side': 'buy', 'ordType': 'market', 'sz': '8', 'reduceOnly': 'true', 'posSide': 'short'}
2026-03-15 17:21:20: [OKX平仓] 响应结果: {'code': '0', 'data': [{'clOrdId': '', 'ordId': '3392114183342743552', 'sCode': '0', 'sMsg': 'Order placed', 'subCode': '', 'tag': '', 'ts': '1773595280467'}], 'inTime': '1773595280466857', 'msg': '', 'outTime': '1773595280468259'}
2026-03-15 17:21:20: [OKX日志] close_position - user_account - success
2026-03-15 17:21:20: [平仓盈亏] 开仓均价=3.9530 未实现盈亏=-0.1360 USDT (-4.30%) 平仓盈亏=-0.1360 USDT (-4.30%)
2026-03-15 17:21:20: [TG通知] 配置文件不存在: /home/user/webapp/core_code/config/configs/telegram_config.json
2026-03-15 17:21:20: [盈亏统计] 记录已保存: data/okx_pnl_statistics/pnl_records.jsonl
2026-03-15 17:21:21: [close_okx_position] 收到平仓请求: instId=NEAR-USDT-SWAP, posSide=short, accountId=account_poit_main
2026-03-15 17:21:22: [平仓-账户配置] 持仓模式: long_short_mode
2026-03-15 17:21:22: 
2026-03-15 17:21:22: [平仓前查询] 获取持仓信息: NEAR-USDT-SWAP 开仓均价=1.3387 未实现盈亏=-0.1471999999999991
2026-03-15 17:21:22: [OKX平仓] 部分平仓(双向持仓): NEAR-USDT-SWAP short 2.3张
2026-03-15 17:21:22: [OKX平仓] 请求参数: {'instId': 'NEAR-USDT-SWAP', 'tdMode': 'isolated', 'side': 'buy', 'ordType': 'market', 'sz': '2.3', 'reduceOnly': 'true', 'posSide': 'short'}
2026-03-15 17:21:22: [OKX平仓] 响应结果: {'code': '0', 'data': [{'clOrdId': '', 'ordId': '3392114250921369600', 'sCode': '0', 'sMsg': 'Order placed', 'subCode': '', 'tag': '', 'ts': '1773595282481'}], 'inTime': '1773595282480599', 'msg': '', 'outTime': '1773595282482316'}
2026-03-15 17:21:22: [OKX日志] close_position - user_account - success
2026-03-15 17:21:22: [平仓盈亏] 开仓均价=1.3387 未实现盈亏=-0.1472 USDT (-4.78%) 平仓盈亏=-0.1472 USDT (-4.78%)
2026-03-15 17:21:22: [TG通知] 配置文件不存在: /home/user/webapp/core_code/config/configs/telegram_config.json
2026-03-15 17:21:22: [盈亏统计] 记录已保存: data/okx_pnl_statistics/pnl_records.jsonl
2026-03-15 17:21:23: [close_okx_position] 收到平仓请求: instId=LDO-USDT-SWAP, posSide=short, accountId=account_poit_main
2026-03-15 17:21:24: [平仓-账户配置] 持仓模式: long_short_mode
2026-03-15 17:21:24: [平仓前查询] 获取持仓信息: LDO-USDT-SWAP 开仓均价=0.3010020000000001 未实现盈亏=-0.1697999999999922
2026-03-15 17:21:24: [OKX平仓] 部分平仓(双向持仓): LDO-USDT-SWAP short 100张
2026-03-15 17:21:24: [OKX平仓] 请求参数: {'instId': 'LDO-USDT-SWAP', 'tdMode': 'isolated', 'side': 'buy', 'ordType': 'market', 'sz': '100', 'reduceOnly': 'true', 'posSide': 'short'}
2026-03-15 17:21:24: [OKX平仓] 响应结果: {'code': '0', 'data': [{'clOrdId': '', 'ordId': '3392114317862461440', 'sCode': '0', 'sMsg': 'Order placed', 'subCode': '', 'tag': '', 'ts': '1773595284476'}], 'inTime': '1773595284476715', 'msg': '', 'outTime': '1773595284477729'}
2026-03-15 17:21:24: [OKX日志] close_position - user_account - success
2026-03-15 17:21:24: [平仓盈亏] 开仓均价=0.3010 未实现盈亏=-0.1698 USDT (-5.64%) 平仓盈亏=-0.1698 USDT (-5.64%)
2026-03-15 17:21:24: [TG通知] 配置文件不存在: /home/user/webapp/core_code/config/configs/telegram_config.json
2026-03-15 17:21:24: [盈亏统计] 记录已保存: data/okx_pnl_statistics/pnl_records.jsonl
2026-03-15 17:21:25: [close_okx_position] 收到平仓请求: instId=APT-USDT-SWAP, posSide=short, accountId=account_poit_main
2026-03-15 17:21:26: [平仓-账户配置] 持仓模式: long_short_mode
2026-03-15 17:21:26: [平仓前查询] 获取持仓信息: APT-USDT-SWAP 开仓均价=0.9208 未实现盈亏=-0.148500000000002
2026-03-15 17:21:26: [OKX平仓] 部分平仓(双向持仓): APT-USDT-SWAP short 33张
2026-03-15 17:21:26: [OKX平仓] 请求参数: {'instId': 'APT-USDT-SWAP', 'tdMode': 'isolated', 'side': 'buy', 'ordType': 'market', 'sz': '33', 'reduceOnly': 'true', 'posSide': 'short'}
2026-03-15 17:21:26: [OKX平仓] 响应结果: {'code': '0', 'data': [{'clOrdId': '', 'ordId': '3392114387185917952', 'sCode': '0', 'sMsg': 'Order placed', 'subCode': '', 'tag': '', 'ts': '1773595286542'}], 'inTime': '1773595286541573', 'msg': '', 'outTime': '1773595286543322'}
2026-03-15 17:21:26: [OKX日志] close_position - user_account - success
2026-03-15 17:21:26: [平仓盈亏] 开仓均价=0.9208 未实现盈亏=-0.1485 USDT (-4.89%) 平仓盈亏=-0.1485 USDT (-4.89%)
2026-03-15 17:21:26: [TG通知] 配置文件不存在: /home/user/webapp/core_code/config/configs/telegram_config.json
2026-03-15 17:21:26: [盈亏统计] 记录已保存: data/okx_pnl_statistics/pnl_records.jsonl
2026-03-15 17:21:27: [close_okx_position] 收到平仓请求: instId=CRV-USDT-SWAP, posSide=short, accountId=account_poit_main
2026-03-15 17:21:27: 
2026-03-15 17:21:28: [平仓-账户配置] 持仓模式: long_short_mode
2026-03-15 17:21:28: [平仓前查询] 获取持仓信息: CRV-USDT-SWAP 开仓均价=0.2376 未实现盈亏=-0.2772000000000009
2026-03-15 17:21:28: [OKX平仓] 部分平仓(双向持仓): CRV-USDT-SWAP short 126张
2026-03-15 17:21:28: [OKX平仓] 请求参数: {'instId': 'CRV-USDT-SWAP', 'tdMode': 'isolated', 'side': 'buy', 'ordType': 'market', 'sz': '126', 'reduceOnly': 'true', 'posSide': 'short'}
2026-03-15 17:21:28: [OKX平仓] 响应结果: {'code': '0', 'data': [{'clOrdId': '', 'ordId': '3392114456710701056', 'sCode': '0', 'sMsg': 'Order placed', 'subCode': '', 'tag': '', 'ts': '1773595288614'}], 'inTime': '1773595288614702', 'msg': '', 'outTime': '1773595288615700'}
2026-03-15 17:21:28: [OKX日志] close_position - user_account - success
2026-03-15 17:21:28: [平仓盈亏] 开仓均价=0.2376 未实现盈亏=-0.2772 USDT (-9.26%) 平仓盈亏=-0.2772 USDT (-9.26%)
2026-03-15 17:21:28: [TG通知] 配置文件不存在: /home/user/webapp/core_code/config/configs/telegram_config.json
2026-03-15 17:21:28: [盈亏统计] 记录已保存: data/okx_pnl_statistics/pnl_records.jsonl
2026-03-15 17:21:29: [get_okx_positions] 收到请求
2026-03-15 17:21:29: 
2026-03-15 17:21:29: [get_okx_positions] API Key: 8650e46c...
2026-03-15 17:21:29: [get_okx_positions] Secret: 已提供
2026-03-15 17:21:29: [get_okx_positions] Passphrase: 已提供
2026-03-15 17:21:29: [get_okx_positions] 准备调用OKX API: https://www.okx.com/api/v5/account/positions
2026-03-15 17:21:29: [get_okx_positions] 签名生成成功, timestamp: 2026-03-15T17:21:29.945Z
2026-03-15 17:21:29: [get_okx_positions] 发送请求到OKX...
2026-03-15 17:21:30: [get_okx_positions] OKX响应状态码: 200
2026-03-15 17:21:30: [get_okx_positions] OKX响应代码: 0
2026-03-15 17:21:30: [get_okx_positions] OKX响应消息: 
2026-03-15 17:21:30: [get_okx_positions] 原始持仓数据数量: 0
2026-03-15 17:21:30: [get_okx_positions] 过滤后持仓数量: 0
2026-03-15 17:21:30: [get_okx_positions] 总保证金: 0.00 USDT
2026-03-15 17:21:30: [get_okx_positions] 总未实现盈亏: 0.00 USDT
2026-03-15 17:24:46: ⚠️  支撑压力系统 v2.0 API加载失败: No module named 'core'
2026-03-15 17:24:46: ✅ 价格位置预警系统 v2.0 API已加载(JSONL版本)
2026-03-15 17:24:46: ⚠️  逃顶信号系统 v2.0 API加载失败: No module named 'core'
2026-03-15 17:24:46: [Panic Paged V2] API路由已注册
2026-03-15 17:24:46:  * Serving Flask app 'app'
2026-03-15 17:24:46:  * Debug mode: off
2026-03-15 17:25:36: ⚠️  支撑压力系统 v2.0 API加载失败: No module named 'core'
2026-03-15 17:25:36: ✅ 价格位置预警系统 v2.0 API已加载(JSONL版本)
2026-03-15 17:25:36: ⚠️  逃顶信号系统 v2.0 API加载失败: No module named 'core'
2026-03-15 17:25:36: [Panic Paged V2] API路由已注册
2026-03-15 17:25:36:  * Serving Flask app 'app'
2026-03-15 17:25:36:  * Debug mode: off
2026-03-15 17:26:43: ⚠️  支撑压力系统 v2.0 API加载失败: No module named 'core'
2026-03-15 17:26:43: ✅ 价格位置预警系统 v2.0 API已加载(JSONL版本)
2026-03-15 17:26:43: ⚠️  逃顶信号系统 v2.0 API加载失败: No module named 'core'
2026-03-15 17:26:43: [Panic Paged V2] API路由已注册
2026-03-15 17:26:43:  * Serving Flask app 'app'
2026-03-15 17:26:43:  * Debug mode: off
2026-03-15 17:32:00: ⚠️  支撑压力系统 v2.0 API加载失败: No module named 'core'
2026-03-15 17:32:00: ✅ 价格位置预警系统 v2.0 API已加载(JSONL版本)
2026-03-15 17:32:00: ⚠️  逃顶信号系统 v2.0 API加载失败: No module named 'core'
2026-03-15 17:32:00: [Panic Paged V2] API路由已注册
2026-03-15 17:32:00:  * Serving Flask app 'app'
2026-03-15 17:32:00:  * Debug mode: off
2026-03-15 17:34:55: [正数占比API] 使用北京时间当天数据: 20260316
2026-03-15 17:34:56: [get_okx_positions] 收到请求
2026-03-15 17:34:56: 
2026-03-15 17:34:56: [get_okx_positions] API Key: b0c18f2d...
2026-03-15 17:34:56: [get_okx_positions] Secret: 已提供
2026-03-15 17:34:56: [get_okx_positions] Passphrase: 已提供
2026-03-15 17:34:56: [get_okx_positions] 准备调用OKX API: https://www.okx.com/api/v5/account/positions
2026-03-15 17:34:56: [get_okx_positions] 签名生成成功, timestamp: 2026-03-15T17:34:56.337Z
2026-03-15 17:34:56: [get_okx_positions] 发送请求到OKX...
2026-03-15 17:34:56: [get_okx_positions] OKX响应状态码: 200
2026-03-15 17:34:56: 
2026-03-15 17:34:56: [get_okx_positions] OKX响应代码: 0
2026-03-15 17:34:56: [get_okx_positions] OKX响应消息: 
2026-03-15 17:34:56: [get_okx_positions] 原始持仓数据数量: 0
2026-03-15 17:34:56: 
2026-03-15 17:34:56: [get_okx_positions] 总保证金: 0.00 USDT
2026-03-15 17:34:56: [get_okx_positions] 总未实现盈亏: 0.00 USDT
2026-03-15 17:34:56: [get_okx_positions] 收到请求
2026-03-15 17:34:56: 
2026-03-15 17:34:56: [get_okx_positions] API Key: b0c18f2d...
2026-03-15 17:34:56: [get_okx_positions] Secret: 已提供
2026-03-15 17:34:56: [get_okx_positions] Passphrase: 已提供
2026-03-15 17:34:56: 
2026-03-15 17:34:56: [get_okx_positions] 签名生成成功, timestamp: 2026-03-15T17:34:56.642Z
2026-03-15 17:34:56: [get_okx_positions] 发送请求到OKX...
2026-03-15 17:34:56: [get_okx_positions] OKX响应状态码: 200
2026-03-15 17:34:56: [get_okx_positions] OKX响应代码: 0
2026-03-15 17:34:56: [get_okx_positions] OKX响应消息: 
2026-03-15 17:34:56: [get_okx_positions] 原始持仓数据数量: 0
2026-03-15 17:34:56: [get_okx_positions] 过滤后持仓数量: 0
2026-03-15 17:34:56: [get_okx_positions] 总保证金: 0.00 USDT
2026-03-15 17:34:56: [get_okx_positions] 总未实现盈亏: 0.00 USDT
2026-03-15 17:35:57: [get_okx_positions] 收到请求
2026-03-15 17:35:57: 
2026-03-15 17:35:57: 
2026-03-15 17:35:57: [get_okx_positions] Secret: 已提供
2026-03-15 17:35:57: [get_okx_positions] Passphrase: 已提供
2026-03-15 17:35:57: 
2026-03-15 17:35:57: [get_okx_positions] 签名生成成功, timestamp: 2026-03-15T17:35:57.586Z
2026-03-15 17:35:57: [get_okx_positions] 发送请求到OKX...
2026-03-15 17:35:57: [get_okx_positions] 收到请求
2026-03-15 17:35:57: 
2026-03-15 17:35:57: [get_okx_positions] API Key: b0c18f2d...
2026-03-15 17:35:57: 
2026-03-15 17:35:57: [get_okx_positions] Secret: 已提供
2026-03-15 17:35:57: [get_okx_positions] Passphrase: 已提供
2026-03-15 17:35:57: 
2026-03-15 17:35:57: [get_okx_positions] 签名生成成功, timestamp: 2026-03-15T17:35:57.628Z
2026-03-15 17:35:57: [get_okx_positions] 发送请求到OKX...
2026-03-15 17:35:57: [get_okx_positions] OKX响应状态码: 200
2026-03-15 17:35:57: 
2026-03-15 17:35:57: [get_okx_positions] OKX响应代码: 0
2026-03-15 17:35:57: 
2026-03-15 17:35:57: [get_okx_positions] OKX响应消息: 
2026-03-15 17:35:57: 
2026-03-15 17:35:57: [get_okx_positions] 原始持仓数据数量: 0
2026-03-15 17:35:57: [get_okx_positions] 过滤后持仓数量: 0
2026-03-15 17:35:57: [get_okx_positions] 总保证金: 0.00 USDT
2026-03-15 17:35:57: [get_okx_positions] 总未实现盈亏: 0.00 USDT
2026-03-15 17:35:57: [get_okx_positions] OKX响应状态码: 200
2026-03-15 17:35:57: [get_okx_positions] OKX响应代码: 0
2026-03-15 17:35:57: 
2026-03-15 17:35:57: [get_okx_positions] OKX响应消息: 
2026-03-15 17:35:57: 
2026-03-15 17:35:57: [get_okx_positions] 原始持仓数据数量: 0
2026-03-15 17:35:57: [get_okx_positions] 过滤后持仓数量: 0
2026-03-15 17:35:57: 
2026-03-15 17:35:57: [get_okx_positions] 总未实现盈亏: 0.00 USDT
2026-03-15 17:35:57: 
2026-03-15 17:36:57: [get_okx_positions] 收到请求
2026-03-15 17:36:57: 
2026-03-15 17:36:57: 
2026-03-15 17:36:57: [get_okx_positions] Passphrase: 已提供
2026-03-15 17:36:57: [get_okx_positions] 准备调用OKX API: https://www.okx.com/api/v5/account/positions
2026-03-15 17:36:57: [get_okx_positions] 签名生成成功, timestamp: 2026-03-15T17:36:57.620Z
2026-03-15 17:36:57: [get_okx_positions] 发送请求到OKX...
2026-03-15 17:36:57: [get_okx_positions] 收到请求
2026-03-15 17:36:57: 
2026-03-15 17:36:57: 
2026-03-15 17:36:57: [get_okx_positions] Secret: 已提供
2026-03-15 17:36:57: [get_okx_positions] Passphrase: 已提供
2026-03-15 17:36:57: [get_okx_positions] 准备调用OKX API: https://www.okx.com/api/v5/account/positions
2026-03-15 17:36:57: 
2026-03-15 17:36:57: [get_okx_positions] 签名生成成功, timestamp: 2026-03-15T17:36:57.674Z
2026-03-15 17:36:57: [get_okx_positions] 发送请求到OKX...
2026-03-15 17:36:57: [get_okx_positions] OKX响应状态码: 200
2026-03-15 17:36:57: 
2026-03-15 17:36:57: [get_okx_positions] OKX响应代码: 0
2026-03-15 17:36:57: 
2026-03-15 17:36:57: [get_okx_positions] 原始持仓数据数量: 0
2026-03-15 17:36:57: 
2026-03-15 17:36:57: [get_okx_positions] 过滤后持仓数量: 0
2026-03-15 17:36:57: 
2026-03-15 17:36:57: [get_okx_positions] 总保证金: 0.00 USDT
2026-03-15 17:36:57: 
2026-03-15 17:36:57: [get_okx_positions] OKX响应状态码: 200
2026-03-15 17:36:57: [get_okx_positions] OKX响应代码: 0
2026-03-15 17:36:57: 
2026-03-15 17:36:57: 
2026-03-15 17:36:57: [get_okx_positions] 原始持仓数据数量: 0
2026-03-15 17:36:57: [get_okx_positions] 过滤后持仓数量: 0
2026-03-15 17:36:57: [get_okx_positions] 总保证金: 0.00 USDT
2026-03-15 17:36:57: [get_okx_positions] 总未实现盈亏: 0.00 USDT
2026-03-15 17:37:58: [get_okx_positions] 收到请求
2026-03-15 17:37:58: [get_okx_positions] API Key: b0c18f2d...
2026-03-15 17:37:58: [get_okx_positions] Secret: 已提供
2026-03-15 17:37:58: [get_okx_positions] Passphrase: 已提供
2026-03-15 17:37:58: [get_okx_positions] 准备调用OKX API: https://www.okx.com/api/v5/account/positions
2026-03-15 17:37:58: [get_okx_positions] 签名生成成功, timestamp: 2026-03-15T17:37:58.500Z
2026-03-15 17:37:58: [get_okx_positions] 发送请求到OKX...
2026-03-15 17:37:58: [get_okx_positions] 收到请求
2026-03-15 17:37:58: [get_okx_positions] API Key: b0c18f2d...
2026-03-15 17:37:58: [get_okx_positions] Secret: 已提供
2026-03-15 17:37:58: [get_okx_positions] Passphrase: 已提供
2026-03-15 17:37:58: [get_okx_positions] 准备调用OKX API: https://www.okx.com/api/v5/account/positions
2026-03-15 17:37:58: [get_okx_positions] 签名生成成功, timestamp: 2026-03-15T17:37:58.536Z
2026-03-15 17:37:58: [get_okx_positions] 发送请求到OKX...
2026-03-15 17:37:58: [get_okx_positions] OKX响应状态码: 200
2026-03-15 17:37:58: 
2026-03-15 17:37:58: [get_okx_positions] OKX响应代码: 0
2026-03-15 17:37:58: [get_okx_positions] OKX响应消息: 
2026-03-15 17:37:58: 
2026-03-15 17:37:58: [get_okx_positions] 原始持仓数据数量: 0
2026-03-15 17:37:58: 
2026-03-15 17:37:58: [get_okx_positions] 总保证金: 0.00 USDT
2026-03-15 17:37:58: [get_okx_positions] 总未实现盈亏: 0.00 USDT
2026-03-15 17:37:58: [get_okx_positions] OKX响应状态码: 200
2026-03-15 17:37:58: 
2026-03-15 17:37:58: [get_okx_positions] OKX响应代码: 0
2026-03-15 17:37:58: [get_okx_positions] OKX响应消息: 
2026-03-15 17:37:58: 
2026-03-15 17:37:58: [get_okx_positions] 原始持仓数据数量: 0
2026-03-15 17:37:58: 
2026-03-15 17:37:58: 
2026-03-15 17:37:58: [get_okx_positions] 总保证金: 0.00 USDT
2026-03-15 17:37:58: 
2026-03-15 17:39:39: [正数占比API] 使用北京时间当天数据: 20260316
2026-03-15 17:39:41: [正数占比API] 使用北京时间当天数据: 20260316
2026-03-15 17:40:13: [正数占比API] 使用北京时间当天数据: 20260316
2026-03-15 17:40:43: [正数占比API] 使用北京时间当天数据: 20260316
2026-03-15 17:41:13: [正数占比API] 使用北京时间当天数据: 20260316
2026-03-15 17:41:18: [正数占比API] 使用北京时间当天数据: 20260316
2026-03-15 17:41:19: [正数占比API] 使用北京时间当天数据: 20260316
2026-03-15 17:41:43: [正数占比API] 使用北京时间当天数据: 20260316
2026-03-15 17:42:13: [正数占比API] 使用北京时间当天数据: 20260316
2026-03-15 17:42:43: [正数占比API] 使用北京时间当天数据: 20260316
2026-03-15 17:43:11: [正数占比API] 使用北京时间当天数据: 20260316
2026-03-15 17:43:13: [正数占比API] 使用北京时间当天数据: 20260316
2026-03-15 17:43:13: 
2026-03-15 17:43:43: [正数占比API] 使用北京时间当天数据: 20260316
2026-03-15 17:44:13: [正数占比API] 使用北京时间当天数据: 20260316
2026-03-15 17:44:39: ⚠️  支撑压力系统 v2.0 API加载失败: No module named 'core'
2026-03-15 17:44:39: ✅ 价格位置预警系统 v2.0 API已加载(JSONL版本)
2026-03-15 17:44:39: ⚠️  逃顶信号系统 v2.0 API加载失败: No module named 'core'
2026-03-15 17:44:39: [Panic Paged V2] API路由已注册
2026-03-15 17:44:39:  * Serving Flask app 'app'
2026-03-15 17:44:39:  * Debug mode: off
2026-03-15 17:44:43: [正数占比API] 使用北京时间当天数据: 20260316
2026-03-15 17:45:13: [正数占比API] 使用北京时间当天数据: 20260316
2026-03-15 17:45:43: [正数占比API] 使用北京时间当天数据: 20260316
2026-03-15 17:46:13: [正数占比API] 使用北京时间当天数据: 20260316
2026-03-15 17:46:43: [正数占比API] 使用北京时间当天数据: 20260316
2026-03-15 17:47:09: ⚠️  支撑压力系统 v2.0 API加载失败: No module named 'core'
2026-03-15 17:47:09: ✅ 价格位置预警系统 v2.0 API已加载(JSONL版本)
2026-03-15 17:47:09: ⚠️  逃顶信号系统 v2.0 API加载失败: No module named 'core'
2026-03-15 17:47:09: [Panic Paged V2] API路由已注册
2026-03-15 17:47:09:  * Serving Flask app 'app'
2026-03-15 17:47:09:  * Debug mode: off
2026-03-15 17:47:13: [正数占比API] 使用北京时间当天数据: 20260316
2026-03-15 17:47:43: [正数占比API] 使用北京时间当天数据: 20260316
2026-03-15 17:47:51: ⚠️  支撑压力系统 v2.0 API加载失败: No module named 'core'
2026-03-15 17:47:51: ✅ 价格位置预警系统 v2.0 API已加载(JSONL版本)
2026-03-15 17:47:51: ⚠️  逃顶信号系统 v2.0 API加载失败: No module named 'core'
2026-03-15 17:47:51: [Panic Paged V2] API路由已注册
2026-03-15 17:47:51:  * Serving Flask app 'app'
2026-03-15 17:47:51:  * Debug mode: off
2026-03-15 17:48:07: [正数占比API] 使用北京时间当天数据: 20260316
2026-03-15 17:48:08: [正数占比API] 使用北京时间当天数据: 20260316
2026-03-15 17:48:13: [正数占比API] 使用北京时间当天数据: 20260316
2026-03-15 17:48:43: [正数占比API] 使用北京时间当天数据: 20260316
2026-03-15 17:48:54: [正数占比API] 使用北京时间当天数据: 20260316
2026-03-15 17:49:02: [正数占比API] 使用北京时间当天数据: 20260316
2026-03-15 17:49:04: [正数占比API] 使用北京时间当天数据: 20260316
2026-03-15 17:49:04: 
2026-03-15 17:49:09: ⚠️  支撑压力系统 v2.0 API加载失败: No module named 'core'
2026-03-15 17:49:09: ✅ 价格位置预警系统 v2.0 API已加载(JSONL版本)
2026-03-15 17:49:09: ⚠️  逃顶信号系统 v2.0 API加载失败: No module named 'core'
2026-03-15 17:49:09: [Panic Paged V2] API路由已注册
2026-03-15 17:49:09:  * Serving Flask app 'app'
2026-03-15 17:49:09:  * Debug mode: off
2026-03-15 17:49:20: [正数占比API] 使用北京时间当天数据: 20260316
2026-03-15 17:49:21: [正数占比API] 使用北京时间当天数据: 20260316
2026-03-15 17:49:36: [正数占比API] 使用北京时间当天数据: 20260316
2026-03-15 17:50:06: [正数占比API] 使用北京时间当天数据: 20260316
2026-03-15 17:50:36: [正数占比API] 使用北京时间当天数据: 20260316
2026-03-15 17:50:36: 
2026-03-15 17:50:37: ⚠️  支撑压力系统 v2.0 API加载失败: No module named 'core'
2026-03-15 17:50:37: ✅ 价格位置预警系统 v2.0 API已加载(JSONL版本)
2026-03-15 17:50:37: ⚠️  逃顶信号系统 v2.0 API加载失败: No module named 'core'
2026-03-15 17:50:37: [Panic Paged V2] API路由已注册
2026-03-15 17:50:37:  * Serving Flask app 'app'
2026-03-15 17:50:37:  * Debug mode: off
2026-03-15 17:50:48: [正数占比API] 使用北京时间当天数据: 20260316
2026-03-15 17:50:48: 
2026-03-15 17:50:49: [正数占比API] 使用北京时间当天数据: 20260316
2026-03-15 17:51:06: [正数占比API] 使用北京时间当天数据: 20260316
2026-03-15 17:51:26: [正数占比API] 使用北京时间当天数据: 20260316
2026-03-15 17:51:36: [正数占比API] 使用北京时间当天数据: 20260316
2026-03-15 17:51:44: ⚠️  支撑压力系统 v2.0 API加载失败: No module named 'core'
2026-03-15 17:51:44: ✅ 价格位置预警系统 v2.0 API已加载(JSONL版本)
2026-03-15 17:51:44: ⚠️  逃顶信号系统 v2.0 API加载失败: No module named 'core'
2026-03-15 17:51:44: [Panic Paged V2] API路由已注册
2026-03-15 17:51:44:  * Serving Flask app 'app'
2026-03-15 17:51:44:  * Debug mode: off
2026-03-15 17:51:56: [正数占比API] 使用北京时间当天数据: 20260316
2026-03-15 17:51:56: 
2026-03-15 17:51:57: [正数占比API] 使用北京时间当天数据: 20260316
2026-03-15 17:52:06: [正数占比API] 使用北京时间当天数据: 20260316
2026-03-15 17:52:36: [正数占比API] 使用北京时间当天数据: 20260316
2026-03-15 17:52:38: [正数占比API] 使用北京时间当天数据: 20260316
2026-03-15 17:52:45: [正数占比API] 使用北京时间当天数据: 20260316
2026-03-15 17:52:46: [正数占比API] 使用北京时间当天数据: 20260316
2026-03-15 17:53:17: [正数占比API] 使用北京时间当天数据: 20260316
2026-03-15 17:53:48: [正数占比API] 使用北京时间当天数据: 20260316
2026-03-15 17:54:08: [正数占比API] 使用北京时间当天数据: 20260316
2026-03-15 17:54:18: [正数占比API] 使用北京时间当天数据: 20260316
2026-03-15 17:54:49: [正数占比API] 使用北京时间当天数据: 20260316
2026-03-15 17:55:20: [正数占比API] 使用北京时间当天数据: 20260316
2026-03-15 17:55:50: [正数占比API] 使用北京时间当天数据: 20260316
2026-03-15 17:56:21: [正数占比API] 使用北京时间当天数据: 20260316
2026-03-15 17:56:52: [正数占比API] 使用北京时间当天数据: 20260316
2026-03-15 17:57:04: ⚠️  支撑压力系统 v2.0 API加载失败: No module named 'core'
2026-03-15 17:57:04: ✅ 价格位置预警系统 v2.0 API已加载(JSONL版本)
2026-03-15 17:57:04: ⚠️  逃顶信号系统 v2.0 API加载失败: No module named 'core'
2026-03-15 17:57:04: [Panic Paged V2] API路由已注册
2026-03-15 17:57:04:  * Serving Flask app 'app'
2026-03-15 17:57:04:  * Debug mode: off
2026-03-15 17:57:23: [正数占比API] 使用北京时间当天数据: 20260316
2026-03-15 17:57:53: [正数占比API] 使用北京时间当天数据: 20260316
2026-03-15 17:58:24: [正数占比API] 使用北京时间当天数据: 20260316
2026-03-15 17:58:55: [正数占比API] 使用北京时间当天数据: 20260316
2026-03-15 17:59:01: [正数占比API] 使用北京时间当天数据: 20260316
2026-03-15 17:59:05: [正数占比API] 使用北京时间当天数据: 20260316
2026-03-15 17:59:06: [正数占比API] 使用北京时间当天数据: 20260316
2026-03-15 17:59:37: [正数占比API] 使用北京时间当天数据: 20260316
2026-03-15 18:00:07: [正数占比API] 使用北京时间当天数据: 20260316
2026-03-15 18:00:08: ✅ 凌晨2点后，优先使用正式数据 (当前时间: 02:00:08)
2026-03-15 18:00:09: ✅ 凌晨2点后，优先使用正式数据 (当前时间: 02:00:09)
2026-03-15 18:00:09: 
2026-03-15 18:00:37: [正数占比API] 使用北京时间当天数据: 20260316
2026-03-15 18:00:38: ✅ 凌晨2点后，优先使用正式数据 (当前时间: 02:00:38)
2026-03-15 18:00:39: ✅ 凌晨2点后，优先使用正式数据 (当前时间: 02:00:39)
2026-03-15 18:01:07: [正数占比API] 使用北京时间当天数据: 20260316
2026-03-15 18:01:08: ✅ 凌晨2点后，优先使用正式数据 (当前时间: 02:01:08)
2026-03-15 18:01:08: 
2026-03-15 18:01:09: ✅ 凌晨2点后，优先使用正式数据 (当前时间: 02:01:09)
2026-03-15 18:01:09: 
2026-03-15 18:01:37: [正数占比API] 使用北京时间当天数据: 20260316
2026-03-15 18:01:39: ✅ 凌晨2点后，优先使用正式数据 (当前时间: 02:01:39)
2026-03-15 18:01:40: ✅ 凌晨2点后，优先使用正式数据 (当前时间: 02:01:40)
2026-03-15 18:02:07: [正数占比API] 使用北京时间当天数据: 20260316
2026-03-15 18:02:08: ✅ 凌晨2点后，优先使用正式数据 (当前时间: 02:02:08)
2026-03-15 18:02:08: 
2026-03-15 18:02:09: ✅ 凌晨2点后，优先使用正式数据 (当前时间: 02:02:09)
2026-03-15 18:02:37: [正数占比API] 使用北京时间当天数据: 20260316
2026-03-15 18:02:38: ✅ 凌晨2点后，优先使用正式数据 (当前时间: 02:02:38)
2026-03-15 18:02:39: ✅ 凌晨2点后，优先使用正式数据 (当前时间: 02:02:39)
2026-03-15 18:03:07: [正数占比API] 使用北京时间当天数据: 20260316
2026-03-15 18:03:08: ✅ 凌晨2点后，优先使用正式数据 (当前时间: 02:03:08)
2026-03-15 18:03:09: ✅ 凌晨2点后，优先使用正式数据 (当前时间: 02:03:09)
2026-03-15 18:03:37: [正数占比API] 使用北京时间当天数据: 20260316
2026-03-15 18:03:38: ✅ 凌晨2点后，优先使用正式数据 (当前时间: 02:03:38)
2026-03-15 18:03:39: ✅ 凌晨2点后，优先使用正式数据 (当前时间: 02:03:39)
2026-03-15 18:04:02: [正数占比API] 使用北京时间当天数据: 20260316
2026-03-15 18:04:02: 
2026-03-15 18:04:03: ✅ 凌晨2点后，优先使用正式数据 (当前时间: 02:04:03)
2026-03-15 18:04:07: [正数占比API] 使用北京时间当天数据: 20260316
2026-03-15 18:04:08: ✅ 凌晨2点后，优先使用正式数据 (当前时间: 02:04:08)
2026-03-15 18:04:09: ✅ 凌晨2点后，优先使用正式数据 (当前时间: 02:04:09)
2026-03-15 18:04:37: [正数占比API] 使用北京时间当天数据: 20260316
2026-03-15 18:04:38: ✅ 凌晨2点后，优先使用正式数据 (当前时间: 02:04:38)
2026-03-15 18:04:38: 
2026-03-15 18:04:38: 🔍 发现B点候选: 2026-03-16 01:11:39 = 7.32%
2026-03-15 18:04:38: 
2026-03-15 18:04:38: ⚠️  B点被推翻，发现更低点: 2026-03-16 01:12:49 = 6.59%
2026-03-15 18:04:38: 
2026-03-15 18:04:38: ⚠️  B点被推翻，发现更低点: 2026-03-16 01:22:14 = 6.23%
2026-03-15 18:04:38: 
2026-03-15 18:04:38: 🔍 新的B点候选: 2026-03-16 01:22:14 = 6.23%
2026-03-15 18:04:38: 
2026-03-15 18:04:38: ⚠️  B点被推翻，发现更低点: 2026-03-16 01:24:43 = 5.53%
2026-03-15 18:04:38: 🔍 新的B点候选: 2026-03-16 01:24:43 = 5.53%
2026-03-15 18:04:38: 
2026-03-15 18:04:38: ⚠️  B点被推翻，发现更低点: 2026-03-16 01:28:12 = 5.51%
2026-03-15 18:04:38: 
2026-03-15 18:04:38: 
2026-03-15 18:04:38: 
2026-03-15 18:04:38: 🔍 新的B点候选: 2026-03-16 01:29:31 = 4.95%
2026-03-15 18:04:38: ⚠️  B点被推翻，发现更低点: 2026-03-16 01:32:59 = 4.24%
2026-03-15 18:04:38: 🔍 新的B点候选: 2026-03-16 01:32:59 = 4.24%
2026-03-15 18:04:38: ⚠️  B点被推翻，发现更低点: 2026-03-16 01:34:09 = 4.16%
2026-03-15 18:04:38: 
2026-03-15 18:04:38: ⚠️  B点被推翻，发现更低点: 2026-03-16 01:35:28 = 3.31%
2026-03-15 18:04:38: 🔍 新的B点候选: 2026-03-16 01:35:28 = 3.31%
2026-03-15 18:04:38: ⚠️  B点被推翻，发现更低点: 2026-03-16 01:36:37 = 2.67%
2026-03-15 18:04:38: 🔍 新的B点候选: 2026-03-16 01:36:37 = 2.67%
2026-03-15 18:04:38: ⚠️  B点被推翻，发现更低点: 2026-03-16 01:37:47 = 2.36%
2026-03-15 18:04:38: 🔍 新的B点候选: 2026-03-16 01:37:47 = 2.36%
2026-03-15 18:04:38: ✅ B点确认: 2026-03-16 01:37:47 = 2.36%
2026-03-15 18:04:39: ✅ 凌晨2点后，优先使用正式数据 (当前时间: 02:04:39)
2026-03-15 18:05:07: [正数占比API] 使用北京时间当天数据: 20260316
2026-03-15 18:05:08: ✅ 凌晨2点后，优先使用正式数据 (当前时间: 02:05:08)
2026-03-15 18:05:08: 🔍 发现B点候选: 2026-03-16 01:11:39 = 7.32%
2026-03-15 18:05:08: 
2026-03-15 18:05:08: ⚠️  B点被推翻，发现更低点: 2026-03-16 01:12:49 = 6.59%
2026-03-15 18:05:08: 
2026-03-15 18:05:08: 🔍 新的B点候选: 2026-03-16 01:12:49 = 6.59%
2026-03-15 18:05:08: ⚠️  B点被推翻，发现更低点: 2026-03-16 01:22:14 = 6.23%
2026-03-15 18:05:08: 
2026-03-15 18:05:08: 
2026-03-15 18:05:08: ⚠️  B点被推翻，发现更低点: 2026-03-16 01:24:43 = 5.53%
2026-03-15 18:05:08: 
2026-03-15 18:05:08: 🔍 新的B点候选: 2026-03-16 01:24:43 = 5.53%
2026-03-15 18:05:08: 
2026-03-15 18:05:08: ⚠️  B点被推翻，发现更低点: 2026-03-16 01:28:12 = 5.51%
2026-03-15 18:05:08: 
2026-03-15 18:05:08: 🔍 新的B点候选: 2026-03-16 01:28:12 = 5.51%
2026-03-15 18:05:08: ⚠️  B点被推翻，发现更低点: 2026-03-16 01:29:31 = 4.95%
2026-03-15 18:05:08: 
2026-03-15 18:05:08: 
2026-03-15 18:05:08: ⚠️  B点被推翻，发现更低点: 2026-03-16 01:32:59 = 4.24%
2026-03-15 18:05:08: 
2026-03-15 18:05:08: 🔍 新的B点候选: 2026-03-16 01:32:59 = 4.24%
2026-03-15 18:05:08: 
2026-03-15 18:05:08: ⚠️  B点被推翻，发现更低点: 2026-03-16 01:34:09 = 4.16%
2026-03-15 18:05:08: 
2026-03-15 18:05:08: 🔍 新的B点候选: 2026-03-16 01:34:09 = 4.16%
2026-03-15 18:05:08: ⚠️  B点被推翻，发现更低点: 2026-03-16 01:35:28 = 3.31%
2026-03-15 18:05:08: 🔍 新的B点候选: 2026-03-16 01:35:28 = 3.31%
2026-03-15 18:05:08: ⚠️  B点被推翻，发现更低点: 2026-03-16 01:36:37 = 2.67%
2026-03-15 18:05:08: 🔍 新的B点候选: 2026-03-16 01:36:37 = 2.67%
2026-03-15 18:05:08: ⚠️  B点被推翻，发现更低点: 2026-03-16 01:37:47 = 2.36%
2026-03-15 18:05:08: 🔍 新的B点候选: 2026-03-16 01:37:47 = 2.36%
2026-03-15 18:05:08: ✅ B点确认: 2026-03-16 01:37:47 = 2.36%
2026-03-15 18:05:09: ✅ 凌晨2点后，优先使用正式数据 (当前时间: 02:05:09)
2026-03-15 18:05:37: [正数占比API] 使用北京时间当天数据: 20260316
2026-03-15 18:05:39: ✅ 凌晨2点后，优先使用正式数据 (当前时间: 02:05:39)
2026-03-15 18:05:39: 🔍 发现B点候选: 2026-03-16 01:11:39 = 7.32%
2026-03-15 18:05:39: 
2026-03-15 18:05:39: 🔍 新的B点候选: 2026-03-16 01:12:49 = 6.59%
2026-03-15 18:05:39: ⚠️  B点被推翻，发现更低点: 2026-03-16 01:22:14 = 6.23%
2026-03-15 18:05:39: 🔍 新的B点候选: 2026-03-16 01:22:14 = 6.23%
2026-03-15 18:05:39: 
2026-03-15 18:05:39: ⚠️  B点被推翻，发现更低点: 2026-03-16 01:24:43 = 5.53%
2026-03-15 18:05:39: 🔍 新的B点候选: 2026-03-16 01:24:43 = 5.53%
2026-03-15 18:05:39: 
2026-03-15 18:05:39: ⚠️  B点被推翻，发现更低点: 2026-03-16 01:28:12 = 5.51%
2026-03-15 18:05:39: 🔍 新的B点候选: 2026-03-16 01:28:12 = 5.51%
2026-03-15 18:05:39: ⚠️  B点被推翻，发现更低点: 2026-03-16 01:29:31 = 4.95%
2026-03-15 18:05:39: 🔍 新的B点候选: 2026-03-16 01:29:31 = 4.95%
2026-03-15 18:05:39: ⚠️  B点被推翻，发现更低点: 2026-03-16 01:32:59 = 4.24%
2026-03-15 18:05:39: 🔍 新的B点候选: 2026-03-16 01:32:59 = 4.24%
2026-03-15 18:05:39: ⚠️  B点被推翻，发现更低点: 2026-03-16 01:34:09 = 4.16%
2026-03-15 18:05:39: 🔍 新的B点候选: 2026-03-16 01:34:09 = 4.16%
2026-03-15 18:05:39: ⚠️  B点被推翻，发现更低点: 2026-03-16 01:35:28 = 3.31%
2026-03-15 18:05:39: 🔍 新的B点候选: 2026-03-16 01:35:28 = 3.31%
2026-03-15 18:05:39: ⚠️  B点被推翻，发现更低点: 2026-03-16 01:36:37 = 2.67%
2026-03-15 18:05:39: 🔍 新的B点候选: 2026-03-16 01:36:37 = 2.67%
2026-03-15 18:05:39: ⚠️  B点被推翻，发现更低点: 2026-03-16 01:37:47 = 2.36%
2026-03-15 18:05:39: 🔍 新的B点候选: 2026-03-16 01:37:47 = 2.36%
2026-03-15 18:05:39: ✅ B点确认: 2026-03-16 01:37:47 = 2.36%
2026-03-15 18:05:40: ✅ 凌晨2点后，优先使用正式数据 (当前时间: 02:05:40)
2026-03-15 18:06:07: [正数占比API] 使用北京时间当天数据: 20260316
2026-03-15 18:06:08: ✅ 凌晨2点后，优先使用正式数据 (当前时间: 02:06:08)
2026-03-15 18:06:08: 🔍 发现B点候选: 2026-03-16 01:11:39 = 7.32%
2026-03-15 18:06:08: 
2026-03-15 18:06:08: ⚠️  B点被推翻，发现更低点: 2026-03-16 01:12:49 = 6.59%
2026-03-15 18:06:08: 
2026-03-15 18:06:08: 🔍 新的B点候选: 2026-03-16 01:12:49 = 6.59%
2026-03-15 18:06:08: 
2026-03-15 18:06:08: ⚠️  B点被推翻，发现更低点: 2026-03-16 01:22:14 = 6.23%
2026-03-15 18:06:08: 🔍 新的B点候选: 2026-03-16 01:22:14 = 6.23%
2026-03-15 18:06:08: ⚠️  B点被推翻，发现更低点: 2026-03-16 01:24:43 = 5.53%
2026-03-15 18:06:08: 🔍 新的B点候选: 2026-03-16 01:24:43 = 5.53%
2026-03-15 18:06:08: ⚠️  B点被推翻，发现更低点: 2026-03-16 01:28:12 = 5.51%
2026-03-15 18:06:08: 🔍 新的B点候选: 2026-03-16 01:28:12 = 5.51%
2026-03-15 18:06:08: ⚠️  B点被推翻，发现更低点: 2026-03-16 01:29:31 = 4.95%
2026-03-15 18:06:08: 🔍 新的B点候选: 2026-03-16 01:29:31 = 4.95%
2026-03-15 18:06:08: ⚠️  B点被推翻，发现更低点: 2026-03-16 01:32:59 = 4.24%
2026-03-15 18:06:08: 🔍 新的B点候选: 2026-03-16 01:32:59 = 4.24%
2026-03-15 18:06:08: ⚠️  B点被推翻，发现更低点: 2026-03-16 01:34:09 = 4.16%
2026-03-15 18:06:08: 🔍 新的B点候选: 2026-03-16 01:34:09 = 4.16%
2026-03-15 18:06:08: ⚠️  B点被推翻，发现更低点: 2026-03-16 01:35:28 = 3.31%
2026-03-15 18:06:08: 
2026-03-15 18:06:08: ⚠️  B点被推翻，发现更低点: 2026-03-16 01:36:37 = 2.67%
2026-03-15 18:06:08: 🔍 新的B点候选: 2026-03-16 01:36:37 = 2.67%
2026-03-15 18:06:08: ⚠️  B点被推翻，发现更低点: 2026-03-16 01:37:47 = 2.36%
2026-03-15 18:06:08: 🔍 新的B点候选: 2026-03-16 01:37:47 = 2.36%
2026-03-15 18:06:08: ✅ B点确认: 2026-03-16 01:37:47 = 2.36%
2026-03-15 18:06:09: ✅ 凌晨2点后，优先使用正式数据 (当前时间: 02:06:09)
2026-03-15 18:06:09: 
2026-03-15 18:06:37: [正数占比API] 使用北京时间当天数据: 20260316
2026-03-15 18:06:38: ✅ 凌晨2点后，优先使用正式数据 (当前时间: 02:06:38)
2026-03-15 18:06:38: 🔍 发现B点候选: 2026-03-16 01:11:39 = 7.32%
2026-03-15 18:06:38: 
2026-03-15 18:06:38: ⚠️  B点被推翻，发现更低点: 2026-03-16 01:12:49 = 6.59%
2026-03-15 18:06:38: 🔍 新的B点候选: 2026-03-16 01:12:49 = 6.59%
2026-03-15 18:06:38: ⚠️  B点被推翻，发现更低点: 2026-03-16 01:22:14 = 6.23%
2026-03-15 18:06:38: 🔍 新的B点候选: 2026-03-16 01:22:14 = 6.23%
2026-03-15 18:06:38: ⚠️  B点被推翻，发现更低点: 2026-03-16 01:24:43 = 5.53%
2026-03-15 18:06:38: 🔍 新的B点候选: 2026-03-16 01:24:43 = 5.53%
2026-03-15 18:06:38: ⚠️  B点被推翻，发现更低点: 2026-03-16 01:28:12 = 5.51%
2026-03-15 18:06:38: 🔍 新的B点候选: 2026-03-16 01:28:12 = 5.51%
2026-03-15 18:06:38: ⚠️  B点被推翻，发现更低点: 2026-03-16 01:29:31 = 4.95%
2026-03-15 18:06:38: 🔍 新的B点候选: 2026-03-16 01:29:31 = 4.95%
2026-03-15 18:06:38: ⚠️  B点被推翻，发现更低点: 2026-03-16 01:32:59 = 4.24%
2026-03-15 18:06:38: 
2026-03-15 18:06:38: ⚠️  B点被推翻，发现更低点: 2026-03-16 01:34:09 = 4.16%
2026-03-15 18:06:38: 🔍 新的B点候选: 2026-03-16 01:34:09 = 4.16%
2026-03-15 18:06:38: ⚠️  B点被推翻，发现更低点: 2026-03-16 01:35:28 = 3.31%
2026-03-15 18:06:38: 🔍 新的B点候选: 2026-03-16 01:35:28 = 3.31%
2026-03-15 18:06:38: ⚠️  B点被推翻，发现更低点: 2026-03-16 01:36:37 = 2.67%
2026-03-15 18:06:38: 🔍 新的B点候选: 2026-03-16 01:36:37 = 2.67%
2026-03-15 18:06:38: ⚠️  B点被推翻，发现更低点: 2026-03-16 01:37:47 = 2.36%
2026-03-15 18:06:38: 🔍 新的B点候选: 2026-03-16 01:37:47 = 2.36%
2026-03-15 18:06:38: ✅ B点确认: 2026-03-16 01:37:47 = 2.36%
2026-03-15 18:06:39: ✅ 凌晨2点后，优先使用正式数据 (当前时间: 02:06:39)
2026-03-15 18:07:07: [正数占比API] 使用北京时间当天数据: 20260316
2026-03-15 18:07:08: ✅ 凌晨2点后，优先使用正式数据 (当前时间: 02:07:08)
2026-03-15 18:07:08: 🔍 发现B点候选: 2026-03-16 01:11:39 = 7.32%
2026-03-15 18:07:08: ⚠️  B点被推翻，发现更低点: 2026-03-16 01:12:49 = 6.59%
2026-03-15 18:07:08: 🔍 新的B点候选: 2026-03-16 01:12:49 = 6.59%
2026-03-15 18:07:08: ⚠️  B点被推翻，发现更低点: 2026-03-16 01:22:14 = 6.23%
2026-03-15 18:07:08: 🔍 新的B点候选: 2026-03-16 01:22:14 = 6.23%
2026-03-15 18:07:08: ⚠️  B点被推翻，发现更低点: 2026-03-16 01:24:43 = 5.53%
2026-03-15 18:07:08: 🔍 新的B点候选: 2026-03-16 01:24:43 = 5.53%
2026-03-15 18:07:08: ⚠️  B点被推翻，发现更低点: 2026-03-16 01:28:12 = 5.51%
2026-03-15 18:07:08: 🔍 新的B点候选: 2026-03-16 01:28:12 = 5.51%
2026-03-15 18:07:08: ⚠️  B点被推翻，发现更低点: 2026-03-16 01:29:31 = 4.95%
2026-03-15 18:07:08: 🔍 新的B点候选: 2026-03-16 01:29:31 = 4.95%
2026-03-15 18:07:08: ⚠️  B点被推翻，发现更低点: 2026-03-16 01:32:59 = 4.24%
2026-03-15 18:07:08: 🔍 新的B点候选: 2026-03-16 01:32:59 = 4.24%
2026-03-15 18:07:08: ⚠️  B点被推翻，发现更低点: 2026-03-16 01:34:09 = 4.16%
2026-03-15 18:07:08: 🔍 新的B点候选: 2026-03-16 01:34:09 = 4.16%
2026-03-15 18:07:08: ⚠️  B点被推翻，发现更低点: 2026-03-16 01:35:28 = 3.31%
2026-03-15 18:07:08: 🔍 新的B点候选: 2026-03-16 01:35:28 = 3.31%
2026-03-15 18:07:08: ⚠️  B点被推翻，发现更低点: 2026-03-16 01:36:37 = 2.67%
2026-03-15 18:07:08: 🔍 新的B点候选: 2026-03-16 01:36:37 = 2.67%
2026-03-15 18:07:08: ⚠️  B点被推翻，发现更低点: 2026-03-16 01:37:47 = 2.36%
2026-03-15 18:07:08: 🔍 新的B点候选: 2026-03-16 01:37:47 = 2.36%
2026-03-15 18:07:08: ✅ B点确认: 2026-03-16 01:37:47 = 2.36%
2026-03-15 18:07:09: ✅ 凌晨2点后，优先使用正式数据 (当前时间: 02:07:09)
2026-03-15 18:07:37: [正数占比API] 使用北京时间当天数据: 20260316
2026-03-15 18:07:38: ✅ 凌晨2点后，优先使用正式数据 (当前时间: 02:07:38)
2026-03-15 18:07:38: 
2026-03-15 18:07:38: 🔍 发现B点候选: 2026-03-16 01:11:39 = 7.32%
2026-03-15 18:07:38: 
2026-03-15 18:07:38: 
2026-03-15 18:07:38: 🔍 新的B点候选: 2026-03-16 01:12:49 = 6.59%
2026-03-15 18:07:38: ⚠️  B点被推翻，发现更低点: 2026-03-16 01:22:14 = 6.23%
2026-03-15 18:07:38: 🔍 新的B点候选: 2026-03-16 01:22:14 = 6.23%
2026-03-15 18:07:38: ⚠️  B点被推翻，发现更低点: 2026-03-16 01:24:43 = 5.53%
2026-03-15 18:07:38: 🔍 新的B点候选: 2026-03-16 01:24:43 = 5.53%
2026-03-15 18:07:38: ⚠️  B点被推翻，发现更低点: 2026-03-16 01:28:12 = 5.51%
2026-03-15 18:07:38: 🔍 新的B点候选: 2026-03-16 01:28:12 = 5.51%
2026-03-15 18:07:38: 
2026-03-15 18:07:38: ⚠️  B点被推翻，发现更低点: 2026-03-16 01:29:31 = 4.95%
2026-03-15 18:07:38: 🔍 新的B点候选: 2026-03-16 01:29:31 = 4.95%
2026-03-15 18:07:38: ⚠️  B点被推翻，发现更低点: 2026-03-16 01:32:59 = 4.24%
2026-03-15 18:07:38: 🔍 新的B点候选: 2026-03-16 01:32:59 = 4.24%
2026-03-15 18:07:38: 
2026-03-15 18:07:38: ⚠️  B点被推翻，发现更低点: 2026-03-16 01:34:09 = 4.16%
2026-03-15 18:07:38: 🔍 新的B点候选: 2026-03-16 01:34:09 = 4.16%
2026-03-15 18:07:38: ⚠️  B点被推翻，发现更低点: 2026-03-16 01:35:28 = 3.31%
2026-03-15 18:07:38: 
2026-03-15 18:07:38: ⚠️  B点被推翻，发现更低点: 2026-03-16 01:36:37 = 2.67%
2026-03-15 18:07:38: 🔍 新的B点候选: 2026-03-16 01:36:37 = 2.67%
2026-03-15 18:07:38: ⚠️  B点被推翻，发现更低点: 2026-03-16 01:37:47 = 2.36%
2026-03-15 18:07:38: 
2026-03-15 18:07:38: 🔍 新的B点候选: 2026-03-16 01:37:47 = 2.36%
2026-03-15 18:07:38: ✅ B点确认: 2026-03-16 01:37:47 = 2.36%
2026-03-15 18:07:39: ✅ 凌晨2点后，优先使用正式数据 (当前时间: 02:07:39)
2026-03-15 18:07:39: 
2026-03-15 18:08:07: [正数占比API] 使用北京时间当天数据: 20260316
2026-03-15 18:08:08: ✅ 凌晨2点后，优先使用正式数据 (当前时间: 02:08:08)
2026-03-15 18:08:08: 
2026-03-15 18:08:08: 🔍 发现B点候选: 2026-03-16 01:11:39 = 7.32%
2026-03-15 18:08:08: 
2026-03-15 18:08:08: 
2026-03-15 18:08:08: 🔍 新的B点候选: 2026-03-16 01:12:49 = 6.59%
2026-03-15 18:08:08: 
2026-03-15 18:08:08: ⚠️  B点被推翻，发现更低点: 2026-03-16 01:22:14 = 6.23%
2026-03-15 18:08:08: 🔍 新的B点候选: 2026-03-16 01:22:14 = 6.23%
2026-03-15 18:08:08: 
2026-03-15 18:08:08: 🔍 新的B点候选: 2026-03-16 01:24:43 = 5.53%
2026-03-15 18:08:08: 
2026-03-15 18:08:08: ⚠️  B点被推翻，发现更低点: 2026-03-16 01:28:12 = 5.51%
2026-03-15 18:08:08: 
2026-03-15 18:08:08: 🔍 新的B点候选: 2026-03-16 01:28:12 = 5.51%
2026-03-15 18:08:08: ⚠️  B点被推翻，发现更低点: 2026-03-16 01:29:31 = 4.95%
2026-03-15 18:08:08: 
2026-03-15 18:08:08: 🔍 新的B点候选: 2026-03-16 01:29:31 = 4.95%
2026-03-15 18:08:08: 
2026-03-15 18:08:08: 🔍 新的B点候选: 2026-03-16 01:32:59 = 4.24%
2026-03-15 18:08:08: 
2026-03-15 18:08:08: ⚠️  B点被推翻，发现更低点: 2026-03-16 01:34:09 = 4.16%
2026-03-15 18:08:08: 🔍 新的B点候选: 2026-03-16 01:34:09 = 4.16%
2026-03-15 18:08:08: ⚠️  B点被推翻，发现更低点: 2026-03-16 01:35:28 = 3.31%
2026-03-15 18:08:08: 
2026-03-15 18:08:08: ⚠️  B点被推翻，发现更低点: 2026-03-16 01:36:37 = 2.67%
2026-03-15 18:08:08: 🔍 新的B点候选: 2026-03-16 01:36:37 = 2.67%
2026-03-15 18:08:08: ⚠️  B点被推翻，发现更低点: 2026-03-16 01:37:47 = 2.36%
2026-03-15 18:08:08: 🔍 新的B点候选: 2026-03-16 01:37:47 = 2.36%
2026-03-15 18:08:08: ✅ B点确认: 2026-03-16 01:37:47 = 2.36%
2026-03-15 18:08:09: ✅ 凌晨2点后，优先使用正式数据 (当前时间: 02:08:09)
2026-03-15 18:08:25: [正数占比API] 使用北京时间当天数据: 20260316
2026-03-15 18:08:25: 
2026-03-15 18:08:26: ✅ 凌晨2点后，优先使用正式数据 (当前时间: 02:08:26)
2026-03-15 18:08:26: 
2026-03-15 18:08:26: 🔍 发现B点候选: 2026-03-16 01:11:39 = 7.32%
2026-03-15 18:08:26: 
2026-03-15 18:08:26: 🔍 新的B点候选: 2026-03-16 01:12:49 = 6.59%
2026-03-15 18:08:26: 
2026-03-15 18:08:26: ⚠️  B点被推翻，发现更低点: 2026-03-16 01:22:14 = 6.23%
2026-03-15 18:08:26: 
2026-03-15 18:08:26: 🔍 新的B点候选: 2026-03-16 01:22:14 = 6.23%
2026-03-15 18:08:26: 
2026-03-15 18:08:26: ⚠️  B点被推翻，发现更低点: 2026-03-16 01:24:43 = 5.53%
2026-03-15 18:08:26: 🔍 新的B点候选: 2026-03-16 01:24:43 = 5.53%
2026-03-15 18:08:26: ⚠️  B点被推翻，发现更低点: 2026-03-16 01:28:12 = 5.51%
2026-03-15 18:08:26: 🔍 新的B点候选: 2026-03-16 01:28:12 = 5.51%
2026-03-15 18:08:26: 
2026-03-15 18:08:26: 🔍 新的B点候选: 2026-03-16 01:29:31 = 4.95%
2026-03-15 18:08:26: 
2026-03-15 18:08:26: 
2026-03-15 18:08:26: ⚠️  B点被推翻，发现更低点: 2026-03-16 01:34:09 = 4.16%
2026-03-15 18:08:26: 🔍 新的B点候选: 2026-03-16 01:34:09 = 4.16%
2026-03-15 18:08:26: ⚠️  B点被推翻，发现更低点: 2026-03-16 01:35:28 = 3.31%
2026-03-15 18:08:26: 🔍 新的B点候选: 2026-03-16 01:35:28 = 3.31%
2026-03-15 18:08:26: ⚠️  B点被推翻，发现更低点: 2026-03-16 01:36:37 = 2.67%
2026-03-15 18:08:26: 
2026-03-15 18:08:26: ⚠️  B点被推翻，发现更低点: 2026-03-16 01:37:47 = 2.36%
2026-03-15 18:08:26: 🔍 新的B点候选: 2026-03-16 01:37:47 = 2.36%
2026-03-15 18:08:26: ✅ B点确认: 2026-03-16 01:37:47 = 2.36%
2026-03-15 18:24:52: ⚠️  支撑压力系统 v2.0 API加载失败: No module named 'core'
2026-03-15 18:24:52: ✅ 价格位置预警系统 v2.0 API已加载(JSONL版本)
2026-03-15 18:24:52: ⚠️  逃顶信号系统 v2.0 API加载失败: No module named 'core'
2026-03-15 18:24:52: [Panic Paged V2] API路由已注册
2026-03-15 18:24:52:  * Serving Flask app 'app'
2026-03-15 18:24:52:  * Debug mode: off
2026-03-15 18:44:52: ⚠️  支撑压力系统 v2.0 API加载失败: No module named 'core'
2026-03-15 18:44:52: ✅ 价格位置预警系统 v2.0 API已加载(JSONL版本)
2026-03-15 18:44:52: ⚠️  逃顶信号系统 v2.0 API加载失败: No module named 'core'
2026-03-15 18:44:52: [Panic Paged V2] API路由已注册
2026-03-15 18:44:52:  * Serving Flask app 'app'
2026-03-15 18:44:52:  * Debug mode: off
