
🚀 市场情绪偏向采集器启动
📁 数据目录: /home/user/webapp/data/market_sentiment
⏰ 采集间隔: 15分钟
📊 数据源: coin_change + rsi


============================================================
开始采集 - 2026-03-16 01:10:10
============================================================
⚠️  数据不足: coin_change=0, rsi=0
⚠️  本次采集无有效数据

⏳ 下次采集时间: 01:15:00
💤 等待 289 秒...


============================================================
开始采集 - 2026-03-16 01:15:00
============================================================
⚠️  数据不足: coin_change=2, rsi=1
⚠️  本次采集无有效数据

⏳ 下次采集时间: 01:30:00
💤 等待 899 秒...


============================================================
开始采集 - 2026-03-16 01:30:00
============================================================

============================================================
市场情绪偏向分析 - 2026-03-16 01:30:00
============================================================

📊 27币累计涨跌幅:
  上次:     5.51%
  本次:     4.95%
  变化:    -0.56% (-10.16%)

📈 RSI总和 (27币):
  上次:  1264.87
  本次:  1530.10
  变化:   265.23 (+20.97%)

🐂 市场情绪: 🚀底部背离
📝 判断依据: 下跌中RSI反涨(20.97%)，底部背离信号★★★
============================================================

✅ 数据已保存: /home/user/webapp/data/market_sentiment/market_sentiment_20260316.jsonl
⏳ 下次采集时间: 01:45:00
💤 等待 899 秒...


============================================================
开始采集 - 2026-03-16 01:45:00
============================================================

============================================================
市场情绪偏向分析 - 2026-03-16 01:45:00
============================================================

📊 27币累计涨跌幅:
  上次:     4.05%
  本次:     4.71%
  变化:     0.66% (+16.30%)

📈 RSI总和 (27币):
  上次:  1557.62
  本次:  1613.38
  变化:    55.76 ( +3.58%)

🐂 市场情绪: 偏多
📝 判断依据: 上涨中RSI涨幅(3.58%) < 币价涨幅(16.30%)，理性上涨★
============================================================

✅ 数据已保存: /home/user/webapp/data/market_sentiment/market_sentiment_20260316.jsonl
⏳ 下次采集时间: 02:00:00
💤 等待 899 秒...


============================================================
开始采集 - 2026-03-16 02:00:00
============================================================

============================================================
市场情绪偏向分析 - 2026-03-16 02:00:00
============================================================

📊 27币累计涨跌幅:
  上次:    19.86%
  本次:    18.92%
  变化:    -0.94% ( -4.73%)

📈 RSI总和 (27币):
  上次:  1630.43
  本次:  1836.51
  变化:   206.08 (+12.64%)

🐂 市场情绪: 🚀底部背离
📝 判断依据: 下跌中RSI反涨(12.64%)，底部背离信号★★★
============================================================

✅ 数据已保存: /home/user/webapp/data/market_sentiment/market_sentiment_20260316.jsonl
⏳ 下次采集时间: 02:15:00
💤 等待 899 秒...


============================================================
开始采集 - 2026-03-16 02:15:00
============================================================

============================================================
市场情绪偏向分析 - 2026-03-16 02:15:00
============================================================

📊 27币累计涨跌幅:
  上次:    18.05%
  本次:    18.74%
  变化:     0.69% ( +3.82%)

📈 RSI总和 (27币):
  上次:  1856.01
  本次:  1764.40
  变化:   -91.61 ( -4.94%)

🐻 市场情绪: ⛔顶部背离
📝 判断依据: 上涨中RSI反跌(4.94%)，顶部背离信号★★★
============================================================

✅ 数据已保存: /home/user/webapp/data/market_sentiment/market_sentiment_20260316.jsonl
⏳ 下次采集时间: 02:30:00
💤 等待 899 秒...


============================================================
开始采集 - 2026-03-16 02:30:00
============================================================

============================================================
市场情绪偏向分析 - 2026-03-16 02:30:00
============================================================

📊 27币累计涨跌幅:
  上次:    17.75%
  本次:    17.25%
  变化:    -0.50% ( -2.82%)

📈 RSI总和 (27币):
  上次:  1611.56
  本次:  1557.56
  变化:   -54.00 ( -3.35%)

🐻 市场情绪: 偏空
📝 判断依据: 下跌中RSI降幅(3.35%) < 币价跌幅(2.82%)，继续下跌★
============================================================

✅ 数据已保存: /home/user/webapp/data/market_sentiment/market_sentiment_20260316.jsonl
⏳ 下次采集时间: 02:45:00
💤 等待 899 秒...


============================================================
开始采集 - 2026-03-16 02:45:00
============================================================

============================================================
市场情绪偏向分析 - 2026-03-16 02:45:00
============================================================

📊 27币累计涨跌幅:
  上次:    24.12%
  本次:    24.42%
  变化:     0.30% ( +1.24%)

📈 RSI总和 (27币):
  上次:  1691.86
  本次:  1704.70
  变化:    12.84 ( +0.76%)

🐂 市场情绪: 偏多
📝 判断依据: 上涨中RSI涨幅(0.76%) < 币价涨幅(1.24%)，理性上涨★
============================================================

✅ 数据已保存: /home/user/webapp/data/market_sentiment/market_sentiment_20260316.jsonl
⏳ 下次采集时间: 03:00:00
💤 等待 899 秒...


============================================================
开始采集 - 2026-03-16 03:00:00
============================================================

============================================================
市场情绪偏向分析 - 2026-03-16 03:00:00
============================================================

📊 27币累计涨跌幅:
  上次:     7.52%
  本次:     7.92%
  变化:     0.40% ( +5.32%)

📈 RSI总和 (27币):
  上次:  1283.04
  本次:  1220.56
  变化:   -62.48 ( -4.87%)

🐻 市场情绪: ⛔顶部背离
📝 判断依据: 上涨中RSI反跌(4.87%)，顶部背离信号★★★
============================================================

✅ 数据已保存: /home/user/webapp/data/market_sentiment/market_sentiment_20260316.jsonl
⏳ 下次采集时间: 03:15:00
💤 等待 899 秒...


============================================================
开始采集 - 2026-03-16 03:15:00
============================================================

============================================================
市场情绪偏向分析 - 2026-03-16 03:15:00
============================================================

📊 27币累计涨跌幅:
  上次:     9.37%
  本次:    14.84%
  变化:     5.47% (+58.38%)

📈 RSI总和 (27币):
  上次:   775.40
  本次:   921.11
  变化:   145.71 (+18.79%)

🐂 市场情绪: 偏多
📝 判断依据: 上涨中RSI涨幅(18.79%) < 币价涨幅(58.38%)，理性上涨★
============================================================

✅ 数据已保存: /home/user/webapp/data/market_sentiment/market_sentiment_20260316.jsonl
⏳ 下次采集时间: 03:30:00
💤 等待 899 秒...


============================================================
开始采集 - 2026-03-16 03:30:00
============================================================

============================================================
市场情绪偏向分析 - 2026-03-16 03:30:00
============================================================

📊 27币累计涨跌幅:
  上次:    14.73%
  本次:    16.70%
  变化:     1.97% (+13.37%)

📈 RSI总和 (27币):
  上次:  1167.82
  本次:  1261.16
  变化:    93.34 ( +7.99%)

🐂 市场情绪: 偏多
📝 判断依据: 上涨中RSI涨幅(7.99%) < 币价涨幅(13.37%)，理性上涨★
============================================================

✅ 数据已保存: /home/user/webapp/data/market_sentiment/market_sentiment_20260316.jsonl
⏳ 下次采集时间: 03:45:00
💤 等待 899 秒...


============================================================
开始采集 - 2026-03-16 03:45:00
============================================================

============================================================
市场情绪偏向分析 - 2026-03-16 03:45:00
============================================================

📊 27币累计涨跌幅:
  上次:    13.65%
  本次:    13.77%
  变化:     0.12% ( +0.88%)

📈 RSI总和 (27币):
  上次:  1302.06
  本次:  1256.42
  变化:   -45.64 ( -3.51%)

🐻 市场情绪: ⛔顶部背离
📝 判断依据: 上涨中RSI反跌(3.51%)，顶部背离信号★★★
============================================================

✅ 数据已保存: /home/user/webapp/data/market_sentiment/market_sentiment_20260316.jsonl
⏳ 下次采集时间: 04:00:00
💤 等待 899 秒...


============================================================
开始采集 - 2026-03-16 04:00:00
============================================================

============================================================
市场情绪偏向分析 - 2026-03-16 04:00:00
============================================================

📊 27币累计涨跌幅:
  上次:    15.49%
  本次:    14.22%
  变化:    -1.27% ( -8.20%)

📈 RSI总和 (27币):
  上次:  1110.65
  本次:  1656.28
  变化:   545.63 (+49.13%)

🐂 市场情绪: 🚀底部背离
📝 判断依据: 下跌中RSI反涨(49.13%)，底部背离信号★★★
============================================================

✅ 数据已保存: /home/user/webapp/data/market_sentiment/market_sentiment_20260316.jsonl
⏳ 下次采集时间: 04:15:00
💤 等待 899 秒...


============================================================
开始采集 - 2026-03-16 04:15:00
============================================================

============================================================
市场情绪偏向分析 - 2026-03-16 04:15:00
============================================================

📊 27币累计涨跌幅:
  上次:    15.37%
  本次:    14.30%
  变化:    -1.07% ( -6.96%)

📈 RSI总和 (27币):
  上次:  1626.46
  本次:  1693.98
  变化:    67.52 ( +4.15%)

🐂 市场情绪: 🚀底部背离
📝 判断依据: 下跌中RSI反涨(4.15%)，底部背离信号★★★
============================================================

✅ 数据已保存: /home/user/webapp/data/market_sentiment/market_sentiment_20260316.jsonl
⏳ 下次采集时间: 04:30:00
💤 等待 899 秒...


============================================================
开始采集 - 2026-03-16 04:30:00
============================================================

============================================================
市场情绪偏向分析 - 2026-03-16 04:30:00
============================================================

📊 27币累计涨跌幅:
  上次:    12.27%
  本次:    13.15%
  变化:     0.88% ( +7.17%)

📈 RSI总和 (27币):
  上次:  1288.43
  本次:  1261.19
  变化:   -27.24 ( -2.11%)

🐻 市场情绪: ⛔顶部背离
📝 判断依据: 上涨中RSI反跌(2.11%)，顶部背离信号★★★
============================================================

✅ 数据已保存: /home/user/webapp/data/market_sentiment/market_sentiment_20260316.jsonl
⏳ 下次采集时间: 04:45:00
💤 等待 899 秒...


============================================================
开始采集 - 2026-03-16 04:45:00
============================================================

============================================================
市场情绪偏向分析 - 2026-03-16 04:45:00
============================================================

📊 27币累计涨跌幅:
  上次:    27.14%
  本次:    27.34%
  变化:     0.20% ( +0.74%)

📈 RSI总和 (27币):
  上次:  1716.87
  本次:  1830.18
  变化:   113.31 ( +6.60%)

🐻 市场情绪: 偏空
📝 判断依据: 上涨中RSI涨幅(6.60%) > 币价涨幅(0.74%)，贪婪过度★★
============================================================

✅ 数据已保存: /home/user/webapp/data/market_sentiment/market_sentiment_20260316.jsonl
⏳ 下次采集时间: 05:00:00
💤 等待 899 秒...


============================================================
开始采集 - 2026-03-16 05:00:00
============================================================

============================================================
市场情绪偏向分析 - 2026-03-16 05:00:00
============================================================

📊 27币累计涨跌幅:
  上次:    24.35%
  本次:    24.44%
  变化:     0.09% ( +0.37%)

📈 RSI总和 (27币):
  上次:  1691.90
  本次:  1691.20
  变化:    -0.70 ( -0.04%)

🐻 市场情绪: ⛔顶部背离
📝 判断依据: 上涨中RSI反跌(0.04%)，顶部背离信号★★★
============================================================

✅ 数据已保存: /home/user/webapp/data/market_sentiment/market_sentiment_20260316.jsonl
⏳ 下次采集时间: 05:15:00
💤 等待 899 秒...


============================================================
开始采集 - 2026-03-16 05:15:39
============================================================

============================================================
市场情绪偏向分析 - 2026-03-16 05:15:39
============================================================

📊 27币累计涨跌幅:
  上次:    21.15%
  本次:    21.70%
  变化:     0.55% ( +2.60%)

📈 RSI总和 (27币):
  上次:  1509.29
  本次:  1427.32
  变化:   -81.97 ( -5.43%)

🐻 市场情绪: ⛔顶部背离
📝 判断依据: 上涨中RSI反跌(5.43%)，顶部背离信号★★★
============================================================

✅ 数据已保存: /home/user/webapp/data/market_sentiment/market_sentiment_20260316.jsonl
⏳ 下次采集时间: 05:30:00
💤 等待 860 秒...


============================================================
开始采集 - 2026-03-16 05:30:00
============================================================

============================================================
市场情绪偏向分析 - 2026-03-16 05:30:00
============================================================

📊 27币累计涨跌幅:
  上次:    27.40%
  本次:    26.05%
  变化:    -1.35% ( -4.93%)

📈 RSI总和 (27币):
  上次:  1487.23
  本次:  1664.23
  变化:   177.00 (+11.90%)

🐂 市场情绪: 🚀底部背离
📝 判断依据: 下跌中RSI反涨(11.90%)，底部背离信号★★★
============================================================

✅ 数据已保存: /home/user/webapp/data/market_sentiment/market_sentiment_20260316.jsonl
⏳ 下次采集时间: 05:45:00
💤 等待 899 秒...


============================================================
开始采集 - 2026-03-16 05:45:00
============================================================

============================================================
市场情绪偏向分析 - 2026-03-16 05:45:00
============================================================

📊 27币累计涨跌幅:
  上次:    39.22%
  本次:    39.10%
  变化:    -0.12% ( -0.31%)

📈 RSI总和 (27币):
  上次:  1830.03
  本次:  1743.45
  变化:   -86.58 ( -4.73%)

🐂 市场情绪: 偏多
📝 判断依据: 下跌中RSI降幅(4.73%) > 币价跌幅(0.31%)，恐慌过度★★
============================================================

✅ 数据已保存: /home/user/webapp/data/market_sentiment/market_sentiment_20260316.jsonl
⏳ 下次采集时间: 06:00:00
💤 等待 899 秒...


============================================================
开始采集 - 2026-03-16 06:00:00
============================================================

============================================================
市场情绪偏向分析 - 2026-03-16 06:00:00
============================================================

📊 27币累计涨跌幅:
  上次:    36.12%
  本次:    38.58%
  变化:     2.46% ( +6.81%)

📈 RSI总和 (27币):
  上次:  1490.78
  本次:  1665.31
  变化:   174.53 (+11.71%)

🐻 市场情绪: 偏空
📝 判断依据: 上涨中RSI涨幅(11.71%) > 币价涨幅(6.81%)，贪婪过度★★
============================================================

✅ 数据已保存: /home/user/webapp/data/market_sentiment/market_sentiment_20260316.jsonl
⏳ 下次采集时间: 06:15:00
💤 等待 899 秒...


============================================================
开始采集 - 2026-03-16 06:15:00
============================================================

============================================================
市场情绪偏向分析 - 2026-03-16 06:15:00
============================================================

📊 27币累计涨跌幅:
  上次:    28.48%
  本次:    27.02%
  变化:    -1.46% ( -5.13%)

📈 RSI总和 (27币):
  上次:  1667.05
  本次:  1460.50
  变化:  -206.55 (-12.39%)

🐂 市场情绪: 偏多
📝 判断依据: 下跌中RSI降幅(12.39%) > 币价跌幅(5.13%)，恐慌过度★★
============================================================

✅ 数据已保存: /home/user/webapp/data/market_sentiment/market_sentiment_20260316.jsonl
⏳ 下次采集时间: 06:30:00
💤 等待 899 秒...


============================================================
开始采集 - 2026-03-16 06:30:00
============================================================

============================================================
市场情绪偏向分析 - 2026-03-16 06:30:00
============================================================

📊 27币累计涨跌幅:
  上次:    30.95%
  本次:    29.45%
  变化:    -1.50% ( -4.85%)

📈 RSI总和 (27币):
  上次:  1421.52
  本次:  1524.50
  变化:   102.98 ( +7.24%)

🐂 市场情绪: 🚀底部背离
📝 判断依据: 下跌中RSI反涨(7.24%)，底部背离信号★★★
============================================================

✅ 数据已保存: /home/user/webapp/data/market_sentiment/market_sentiment_20260316.jsonl
⏳ 下次采集时间: 06:45:00
💤 等待 899 秒...


============================================================
开始采集 - 2026-03-16 06:45:00
============================================================

============================================================
市场情绪偏向分析 - 2026-03-16 06:45:00
============================================================

📊 27币累计涨跌幅:
  上次:    58.90%
  本次:    54.98%
  变化:    -3.92% ( -6.66%)

📈 RSI总和 (27币):
  上次:  1620.62
  本次:  1719.74
  变化:    99.12 ( +6.12%)

🐂 市场情绪: 🚀底部背离
📝 判断依据: 下跌中RSI反涨(6.12%)，底部背离信号★★★
============================================================

✅ 数据已保存: /home/user/webapp/data/market_sentiment/market_sentiment_20260316.jsonl
⏳ 下次采集时间: 07:00:00
💤 等待 899 秒...


============================================================
开始采集 - 2026-03-16 07:00:00
============================================================

============================================================
市场情绪偏向分析 - 2026-03-16 07:00:00
============================================================

📊 27币累计涨跌幅:
  上次:    65.88%
  本次:    68.97%
  变化:     3.09% ( +4.69%)

📈 RSI总和 (27币):
  上次:  1695.60
  本次:  1732.11
  变化:    36.51 ( +2.15%)

🐂 市场情绪: 偏多
📝 判断依据: 上涨中RSI涨幅(2.15%) < 币价涨幅(4.69%)，理性上涨★
============================================================

✅ 数据已保存: /home/user/webapp/data/market_sentiment/market_sentiment_20260316.jsonl
⏳ 下次采集时间: 07:15:00
💤 等待 899 秒...


============================================================
开始采集 - 2026-03-16 07:15:00
============================================================

============================================================
市场情绪偏向分析 - 2026-03-16 07:15:00
============================================================

📊 27币累计涨跌幅:
  上次:    62.82%
  本次:    63.70%
  变化:     0.88% ( +1.40%)

📈 RSI总和 (27币):
  上次:  1810.82
  本次:  1666.12
  变化:  -144.70 ( -7.99%)

🐻 市场情绪: ⛔顶部背离
📝 判断依据: 上涨中RSI反跌(7.99%)，顶部背离信号★★★
============================================================

✅ 数据已保存: /home/user/webapp/data/market_sentiment/market_sentiment_20260316.jsonl
⏳ 下次采集时间: 07:30:00
💤 等待 899 秒...


============================================================
开始采集 - 2026-03-16 07:30:00
============================================================

============================================================
市场情绪偏向分析 - 2026-03-16 07:30:00
============================================================

📊 27币累计涨跌幅:
  上次:    46.75%
  本次:    48.78%
  变化:     2.03% ( +4.34%)

📈 RSI总和 (27币):
  上次:  1719.44
  本次:  1643.50
  变化:   -75.94 ( -4.42%)

🐻 市场情绪: ⛔顶部背离
📝 判断依据: 上涨中RSI反跌(4.42%)，顶部背离信号★★★
============================================================

✅ 数据已保存: /home/user/webapp/data/market_sentiment/market_sentiment_20260316.jsonl
⏳ 下次采集时间: 07:45:00
💤 等待 899 秒...


============================================================
开始采集 - 2026-03-16 07:45:00
============================================================

============================================================
市场情绪偏向分析 - 2026-03-16 07:45:00
============================================================

📊 27币累计涨跌幅:
  上次:    51.27%
  本次:    50.74%
  变化:    -0.53% ( -1.03%)

📈 RSI总和 (27币):
  上次:  1612.97
  本次:  1463.06
  变化:  -149.91 ( -9.29%)

🐂 市场情绪: 偏多
📝 判断依据: 下跌中RSI降幅(9.29%) > 币价跌幅(1.03%)，恐慌过度★★
============================================================

✅ 数据已保存: /home/user/webapp/data/market_sentiment/market_sentiment_20260316.jsonl
⏳ 下次采集时间: 08:00:00
💤 等待 899 秒...


============================================================
开始采集 - 2026-03-16 08:00:00
============================================================

============================================================
市场情绪偏向分析 - 2026-03-16 08:00:00
============================================================

📊 27币累计涨跌幅:
  上次:    55.00%
  本次:    55.82%
  变化:     0.82% ( +1.49%)

📈 RSI总和 (27币):
  上次:  1365.79
  本次:  1267.64
  变化:   -98.15 ( -7.19%)

🐻 市场情绪: ⛔顶部背离
📝 判断依据: 上涨中RSI反跌(7.19%)，顶部背离信号★★★
============================================================

✅ 数据已保存: /home/user/webapp/data/market_sentiment/market_sentiment_20260316.jsonl
⏳ 下次采集时间: 08:15:00
💤 等待 899 秒...


============================================================
开始采集 - 2026-03-16 08:15:00
============================================================

============================================================
市场情绪偏向分析 - 2026-03-16 08:15:00
============================================================

📊 27币累计涨跌幅:
  上次:    58.22%
  本次:    57.11%
  变化:    -1.11% ( -1.91%)

📈 RSI总和 (27币):
  上次:  1261.07
  本次:  1144.89
  变化:  -116.18 ( -9.21%)

🐂 市场情绪: 偏多
📝 判断依据: 下跌中RSI降幅(9.21%) > 币价跌幅(1.91%)，恐慌过度★★
============================================================

✅ 数据已保存: /home/user/webapp/data/market_sentiment/market_sentiment_20260316.jsonl
⏳ 下次采集时间: 08:30:00
💤 等待 899 秒...


============================================================
开始采集 - 2026-03-16 08:30:00
============================================================

============================================================
市场情绪偏向分析 - 2026-03-16 08:30:00
============================================================

📊 27币累计涨跌幅:
  上次:    47.16%
  本次:    46.15%
  变化:    -1.01% ( -2.14%)

📈 RSI总和 (27币):
  上次:  1175.08
  本次:  1028.29
  变化:  -146.79 (-12.49%)

🐂 市场情绪: 偏多
📝 判断依据: 下跌中RSI降幅(12.49%) > 币价跌幅(2.14%)，恐慌过度★★
============================================================

✅ 数据已保存: /home/user/webapp/data/market_sentiment/market_sentiment_20260316.jsonl
⏳ 下次采集时间: 08:45:00
💤 等待 899 秒...


============================================================
开始采集 - 2026-03-16 08:45:00
============================================================

============================================================
市场情绪偏向分析 - 2026-03-16 08:45:00
============================================================

📊 27币累计涨跌幅:
  上次:    48.94%
  本次:    48.57%
  变化:    -0.37% ( -0.76%)

📈 RSI总和 (27币):
  上次:  1500.25
  本次:  1322.46
  变化:  -177.79 (-11.85%)

🐂 市场情绪: 偏多
📝 判断依据: 下跌中RSI降幅(11.85%) > 币价跌幅(0.76%)，恐慌过度★★
============================================================

✅ 数据已保存: /home/user/webapp/data/market_sentiment/market_sentiment_20260316.jsonl
⏳ 下次采集时间: 09:00:00
💤 等待 899 秒...


============================================================
开始采集 - 2026-03-16 09:00:00
============================================================

============================================================
市场情绪偏向分析 - 2026-03-16 09:00:00
============================================================

📊 27币累计涨跌幅:
  上次:    54.20%
  本次:    53.81%
  变化:    -0.39% ( -0.72%)

📈 RSI总和 (27币):
  上次:  1434.94
  本次:  1343.35
  变化:   -91.59 ( -6.38%)

🐂 市场情绪: 偏多
📝 判断依据: 下跌中RSI降幅(6.38%) > 币价跌幅(0.72%)，恐慌过度★★
============================================================

✅ 数据已保存: /home/user/webapp/data/market_sentiment/market_sentiment_20260316.jsonl
⏳ 下次采集时间: 09:15:00
💤 等待 899 秒...


============================================================
开始采集 - 2026-03-16 09:15:20
============================================================

============================================================
市场情绪偏向分析 - 2026-03-16 09:15:20
============================================================

📊 27币累计涨跌幅:
  上次:    43.73%
  本次:    42.61%
  变化:    -1.12% ( -2.56%)

📈 RSI总和 (27币):
  上次:  1120.08
  本次:   882.38
  变化:  -237.70 (-21.22%)

🐂 市场情绪: 偏多
📝 判断依据: 下跌中RSI降幅(21.22%) > 币价跌幅(2.56%)，恐慌过度★★
============================================================

✅ 数据已保存: /home/user/webapp/data/market_sentiment/market_sentiment_20260316.jsonl
⏳ 下次采集时间: 09:30:00
💤 等待 879 秒...


============================================================
开始采集 - 2026-03-16 09:30:00
============================================================

============================================================
市场情绪偏向分析 - 2026-03-16 09:30:00
============================================================

📊 27币累计涨跌幅:
  上次:    53.96%
  本次:    53.42%
  变化:    -0.54% ( -1.00%)

📈 RSI总和 (27币):
  上次:  1253.67
  本次:  1450.27
  变化:   196.60 (+15.68%)

🐂 市场情绪: 🚀底部背离
📝 判断依据: 下跌中RSI反涨(15.68%)，底部背离信号★★★
============================================================

✅ 数据已保存: /home/user/webapp/data/market_sentiment/market_sentiment_20260316.jsonl
⏳ 下次采集时间: 09:45:00
💤 等待 899 秒...


============================================================
开始采集 - 2026-03-16 09:45:00
============================================================

============================================================
市场情绪偏向分析 - 2026-03-16 09:45:00
============================================================

📊 27币累计涨跌幅:
  上次:    53.46%
  本次:    51.69%
  变化:    -1.77% ( -3.31%)

📈 RSI总和 (27币):
  上次:  1391.43
  本次:  1462.61
  变化:    71.18 ( +5.12%)

🐂 市场情绪: 🚀底部背离
📝 判断依据: 下跌中RSI反涨(5.12%)，底部背离信号★★★
============================================================

✅ 数据已保存: /home/user/webapp/data/market_sentiment/market_sentiment_20260316.jsonl
⏳ 下次采集时间: 10:00:00
💤 等待 899 秒...


============================================================
开始采集 - 2026-03-16 10:00:00
============================================================

============================================================
市场情绪偏向分析 - 2026-03-16 10:00:00
============================================================

📊 27币累计涨跌幅:
  上次:    60.11%
  本次:    59.28%
  变化:    -0.83% ( -1.38%)

📈 RSI总和 (27币):
  上次:  1609.87
  本次:  1521.88
  变化:   -87.99 ( -5.47%)

🐂 市场情绪: 偏多
📝 判断依据: 下跌中RSI降幅(5.47%) > 币价跌幅(1.38%)，恐慌过度★★
============================================================

✅ 数据已保存: /home/user/webapp/data/market_sentiment/market_sentiment_20260316.jsonl
⏳ 下次采集时间: 10:15:00
💤 等待 899 秒...


============================================================
开始采集 - 2026-03-16 10:15:00
============================================================

============================================================
市场情绪偏向分析 - 2026-03-16 10:15:00
============================================================

📊 27币累计涨跌幅:
  上次:    59.35%
  本次:    58.51%
  变化:    -0.84% ( -1.42%)

📈 RSI总和 (27币):
  上次:  1598.22
  本次:  1661.56
  变化:    63.34 ( +3.96%)

🐂 市场情绪: 🚀底部背离
📝 判断依据: 下跌中RSI反涨(3.96%)，底部背离信号★★★
============================================================

✅ 数据已保存: /home/user/webapp/data/market_sentiment/market_sentiment_20260316.jsonl
⏳ 下次采集时间: 10:30:00
💤 等待 899 秒...


============================================================
开始采集 - 2026-03-16 10:30:00
============================================================

============================================================
市场情绪偏向分析 - 2026-03-16 10:30:00
============================================================

📊 27币累计涨跌幅:
  上次:    43.65%
  本次:    43.57%
  变化:    -0.08% ( -0.18%)

📈 RSI总和 (27币):
  上次:  1476.16
  本次:  1189.75
  变化:  -286.41 (-19.40%)

🐂 市场情绪: 偏多
📝 判断依据: 下跌中RSI降幅(19.40%) > 币价跌幅(0.18%)，恐慌过度★★
============================================================

✅ 数据已保存: /home/user/webapp/data/market_sentiment/market_sentiment_20260316.jsonl
⏳ 下次采集时间: 10:45:00
💤 等待 899 秒...


============================================================
开始采集 - 2026-03-16 10:45:00
============================================================

============================================================
市场情绪偏向分析 - 2026-03-16 10:45:00
============================================================

📊 27币累计涨跌幅:
  上次:    46.91%
  本次:    48.10%
  变化:     1.19% ( +2.54%)

📈 RSI总和 (27币):
  上次:  1068.16
  本次:  1251.26
  变化:   183.10 (+17.14%)

🐻 市场情绪: 偏空
📝 判断依据: 上涨中RSI涨幅(17.14%) > 币价涨幅(2.54%)，贪婪过度★★
============================================================

✅ 数据已保存: /home/user/webapp/data/market_sentiment/market_sentiment_20260316.jsonl
⏳ 下次采集时间: 11:00:00
💤 等待 899 秒...


============================================================
开始采集 - 2026-03-16 11:00:00
============================================================

============================================================
市场情绪偏向分析 - 2026-03-16 11:00:00
============================================================

📊 27币累计涨跌幅:
  上次:    58.97%
  本次:    57.18%
  变化:    -1.79% ( -3.04%)

📈 RSI总和 (27币):
  上次:  1350.56
  本次:  1409.07
  变化:    58.51 ( +4.33%)

🐂 市场情绪: 🚀底部背离
📝 判断依据: 下跌中RSI反涨(4.33%)，底部背离信号★★★
============================================================

✅ 数据已保存: /home/user/webapp/data/market_sentiment/market_sentiment_20260316.jsonl
⏳ 下次采集时间: 11:15:00
💤 等待 899 秒...


============================================================
开始采集 - 2026-03-16 11:15:00
============================================================

============================================================
市场情绪偏向分析 - 2026-03-16 11:15:00
============================================================

📊 27币累计涨跌幅:
  上次:    59.80%
  本次:    59.41%
  变化:    -0.39% ( -0.65%)

📈 RSI总和 (27币):
  上次:  1084.92
  本次:  1146.16
  变化:    61.24 ( +5.64%)

🐂 市场情绪: 🚀底部背离
📝 判断依据: 下跌中RSI反涨(5.64%)，底部背离信号★★★
============================================================

✅ 数据已保存: /home/user/webapp/data/market_sentiment/market_sentiment_20260316.jsonl
⏳ 下次采集时间: 11:30:00
💤 等待 899 秒...


============================================================
开始采集 - 2026-03-16 11:30:00
============================================================
✅ Telegram通知发送成功 (1/3)
✅ Telegram通知发送成功 (2/3)
✅ Telegram通知发送成功 (3/3)

============================================================
市场情绪偏向分析 - 2026-03-16 11:30:03
============================================================

📊 27币累计涨跌幅:
  上次:    72.33%
  本次:    73.11%
  变化:     0.78% ( +1.08%)

📈 RSI总和 (27币):
  上次:  1585.41
  本次:  1765.64
  变化:   180.23 (+11.37%)

🐻 市场情绪: ⚠️见顶信号
📝 判断依据: 上涨中RSI涨幅(11.37%) 是币价涨幅(1.08%)的10.5倍，贪婪过度★★★
============================================================

✅ 数据已保存: /home/user/webapp/data/market_sentiment/market_sentiment_20260316.jsonl
⏳ 下次采集时间: 11:45:00
💤 等待 896 秒...


============================================================
开始采集 - 2026-03-16 11:45:00
============================================================
✅ Telegram通知发送成功 (1/3)
✅ Telegram通知发送成功 (2/3)
✅ Telegram通知发送成功 (3/3)

============================================================
市场情绪偏向分析 - 2026-03-16 11:45:03
============================================================

📊 27币累计涨跌幅:
  上次:    98.61%
  本次:    99.05%
  变化:     0.44% ( +0.45%)

📈 RSI总和 (27币):
  上次:  2186.06
  本次:  2300.66
  变化:   114.60 ( +5.24%)

🐻 市场情绪: ⚠️见顶信号
📝 判断依据: 上涨中RSI涨幅(5.24%) 是币价涨幅(0.45%)的11.7倍，贪婪过度★★★
============================================================

✅ 数据已保存: /home/user/webapp/data/market_sentiment/market_sentiment_20260316.jsonl
⏳ 下次采集时间: 12:00:00
💤 等待 896 秒...


============================================================
开始采集 - 2026-03-16 12:00:00
============================================================

============================================================
市场情绪偏向分析 - 2026-03-16 12:00:00
============================================================

📊 27币累计涨跌幅:
  上次:    95.94%
  本次:    95.49%
  变化:    -0.45% ( -0.47%)

📈 RSI总和 (27币):
  上次:  1933.32
  本次:  1898.07
  变化:   -35.25 ( -1.82%)

🐂 市场情绪: 偏多
📝 判断依据: 下跌中RSI降幅(1.82%) > 币价跌幅(0.47%)，恐慌过度★★
============================================================

✅ 数据已保存: /home/user/webapp/data/market_sentiment/market_sentiment_20260316.jsonl
⏳ 下次采集时间: 12:15:00
💤 等待 899 秒...


============================================================
开始采集 - 2026-03-16 12:15:00
============================================================

============================================================
市场情绪偏向分析 - 2026-03-16 12:15:00
============================================================

📊 27币累计涨跌幅:
  上次:   101.28%
  本次:   102.82%
  变化:     1.54% ( +1.52%)

📈 RSI总和 (27币):
  上次:  1854.32
  本次:  1875.56
  变化:    21.24 ( +1.15%)

🐂 市场情绪: 偏多
📝 判断依据: 上涨中RSI涨幅(1.15%) < 币价涨幅(1.52%)，理性上涨★
============================================================

✅ 数据已保存: /home/user/webapp/data/market_sentiment/market_sentiment_20260316.jsonl
⏳ 下次采集时间: 12:30:00
💤 等待 899 秒...

