============================================================
SAR偏多偏空统计历史记录采集器
============================================================
数据目录: /home/user/webapp/data/sar_bias_stats
采集间隔: 5分钟
============================================================


【第 1 轮采集】 2026-03-16 01:10:10
------------------------------------------------------------
❌ 采集失败: HTTPConnectionPool(host='localhost', port=9002): Max retries exceeded with url: /api/sar-slope/bias-ratios (Caused by NewConnectionError('<urllib3.connection.HTTPConnection object at 0x7f01709f3080>: Failed to establish a new connection: [Errno 111] Connection refused'))
❌ 采集失败

下次采集: 01:15:00 (等待 289 秒)
============================================================

【第 2 轮采集】 2026-03-16 01:15:00
------------------------------------------------------------
✅ 采集成功: 偏多 0个, 偏空 0个 (后端已计算)
✅ 采集成功
   偏多 >80%: 0个
   偏空 >80%: 0个
   总监控: 0个
   文件: bias_stats_20260316.jsonl

下次采集: 01:20:00 (等待 299 秒)
============================================================

【第 3 轮采集】 2026-03-16 01:20:00
------------------------------------------------------------
✅ 采集成功: 偏多 20个, 偏空 1个 (后端已计算)
✅ 采集成功
   偏多 >80%: 20个
   币种: ETH(100.0%), ADA(100.0%), DOGE(100.0%), SOL(100.0%), DOT(100.0%), LTC(100.0%), HBAR(100.0%), CFX(100.0%), TON(100.0%), NEAR(100.0%), LDO(100.0%), ETC(100.0%), XLM(100.0%), BCH(100.0%), UNI(100.0%), FIL(100.0%), STX(100.0%), CRV(100.0%), AAVE(100.0%), APT(100.0%)
   偏空 >80%: 1个
   币种: TAO(100.0%)
   总监控: 28个
   文件: bias_stats_20260316.jsonl

下次采集: 01:25:00 (等待 299 秒)
============================================================

【第 4 轮采集】 2026-03-16 01:25:00
------------------------------------------------------------
✅ 采集成功: 偏多 12个, 偏空 1个 (后端已计算)
✅ 采集成功
   偏多 >80%: 12个
   币种: ETH(100.0%), ADA(100.0%), SOL(100.0%), DOT(100.0%), LTC(100.0%), TON(100.0%), NEAR(100.0%), LDO(100.0%), ETC(100.0%), FIL(100.0%), STX(100.0%), APT(100.0%)
   偏空 >80%: 1个
   币种: TAO(100.0%)
   总监控: 28个
   文件: bias_stats_20260316.jsonl

下次采集: 01:30:00 (等待 299 秒)
============================================================

【第 5 轮采集】 2026-03-16 01:30:00
------------------------------------------------------------
✅ 采集成功: 偏多 6个, 偏空 1个 (后端已计算)
✅ 采集成功
   偏多 >80%: 6个
   币种: ETH(100.0%), ADA(100.0%), SOL(100.0%), NEAR(100.0%), LDO(100.0%), ETC(100.0%)
   偏空 >80%: 1个
   币种: TAO(100.0%)
   总监控: 28个
   文件: bias_stats_20260316.jsonl

下次采集: 01:35:00 (等待 299 秒)
============================================================

【第 6 轮采集】 2026-03-16 01:35:00
------------------------------------------------------------
✅ 采集成功: 偏多 3个, 偏空 1个 (后端已计算)
✅ 采集成功
   偏多 >80%: 3个
   币种: NEAR(100.0%), LDO(100.0%), ETC(100.0%)
   偏空 >80%: 1个
   币种: TAO(100.0%)
   总监控: 28个
   文件: bias_stats_20260316.jsonl

下次采集: 01:40:00 (等待 299 秒)
============================================================

【第 7 轮采集】 2026-03-16 01:40:00
------------------------------------------------------------
✅ 采集成功: 偏多 6个, 偏空 2个 (后端已计算)
✅ 采集成功
   偏多 >80%: 6个
   币种: NEAR(100.0%), ETH(83.3%), SOL(83.3%), LDO(83.3%), ETC(83.3%), FIL(83.3%)
   偏空 >80%: 2个
   币种: TAO(100.0%), LINK(83.3%)
   总监控: 28个
   文件: bias_stats_20260316.jsonl

下次采集: 01:45:00 (等待 299 秒)
============================================================

【第 8 轮采集】 2026-03-16 01:45:00
------------------------------------------------------------
✅ 采集成功: 偏多 3个, 偏空 1个 (后端已计算)
✅ 采集成功
   偏多 >80%: 3个
   币种: ETH(85.7%), SOL(85.7%), NEAR(85.7%)
   偏空 >80%: 1个
   币种: TAO(85.7%)
   总监控: 28个
   文件: bias_stats_20260316.jsonl

下次采集: 01:50:00 (等待 299 秒)
============================================================

【第 9 轮采集】 2026-03-16 01:50:00
------------------------------------------------------------
✅ 采集成功: 偏多 2个, 偏空 0个 (后端已计算)
✅ 采集成功
   偏多 >80%: 2个
   币种: ETH(87.5%), SOL(87.5%)
   偏空 >80%: 0个
   总监控: 28个
   文件: bias_stats_20260316.jsonl

下次采集: 01:55:00 (等待 299 秒)
============================================================

【第 10 轮采集】 2026-03-16 01:55:00
------------------------------------------------------------
✅ 采集成功: 偏多 1个, 偏空 0个 (后端已计算)
✅ 采集成功
   偏多 >80%: 1个
   币种: SOL(88.9%)
   偏空 >80%: 0个
   总监控: 28个
   文件: bias_stats_20260316.jsonl

下次采集: 02:00:00 (等待 299 秒)
============================================================

【第 11 轮采集】 2026-03-16 02:00:00
------------------------------------------------------------
✅ 采集成功: 偏多 1个, 偏空 0个 (后端已计算)
✅ 采集成功
   偏多 >80%: 1个
   币种: SOL(90.0%)
   偏空 >80%: 0个
   总监控: 28个
   文件: bias_stats_20260316.jsonl

下次采集: 02:05:00 (等待 299 秒)
============================================================

【第 12 轮采集】 2026-03-16 02:05:00
------------------------------------------------------------
✅ 采集成功: 偏多 2个, 偏空 0个 (后端已计算)
✅ 采集成功
   偏多 >80%: 2个
   币种: ETH(81.8%), SOL(81.8%)
   偏空 >80%: 0个
   总监控: 28个
   文件: bias_stats_20260316.jsonl

下次采集: 02:10:00 (等待 299 秒)
============================================================

【第 13 轮采集】 2026-03-16 02:10:00
------------------------------------------------------------
✅ 采集成功: 偏多 0个, 偏空 0个 (后端已计算)
✅ 采集成功
   偏多 >80%: 0个
   偏空 >80%: 0个
   总监控: 28个
   文件: bias_stats_20260316.jsonl

下次采集: 02:15:00 (等待 299 秒)
============================================================

【第 14 轮采集】 2026-03-16 02:15:00
------------------------------------------------------------
✅ 采集成功: 偏多 0个, 偏空 0个 (后端已计算)
✅ 采集成功
   偏多 >80%: 0个
   偏空 >80%: 0个
   总监控: 28个
   文件: bias_stats_20260316.jsonl

下次采集: 02:20:00 (等待 299 秒)
============================================================

【第 15 轮采集】 2026-03-16 02:20:00
------------------------------------------------------------
✅ 采集成功: 偏多 0个, 偏空 0个 (后端已计算)
✅ 采集成功
   偏多 >80%: 0个
   偏空 >80%: 0个
   总监控: 28个
   文件: bias_stats_20260316.jsonl

下次采集: 02:25:00 (等待 299 秒)
============================================================

【第 16 轮采集】 2026-03-16 02:25:00
------------------------------------------------------------
✅ 采集成功: 偏多 0个, 偏空 0个 (后端已计算)
✅ 采集成功
   偏多 >80%: 0个
   偏空 >80%: 0个
   总监控: 28个
   文件: bias_stats_20260316.jsonl

下次采集: 02:30:00 (等待 299 秒)
============================================================

【第 17 轮采集】 2026-03-16 02:30:00
------------------------------------------------------------
✅ 采集成功: 偏多 0个, 偏空 0个 (后端已计算)
✅ 采集成功
   偏多 >80%: 0个
   偏空 >80%: 0个
   总监控: 28个
   文件: bias_stats_20260316.jsonl

下次采集: 02:35:00 (等待 299 秒)
============================================================

【第 18 轮采集】 2026-03-16 02:35:00
------------------------------------------------------------
✅ 采集成功: 偏多 0个, 偏空 0个 (后端已计算)
✅ 采集成功
   偏多 >80%: 0个
   偏空 >80%: 0个
   总监控: 28个
   文件: bias_stats_20260316.jsonl

下次采集: 02:40:00 (等待 299 秒)
============================================================

【第 19 轮采集】 2026-03-16 02:40:00
------------------------------------------------------------
✅ 采集成功: 偏多 0个, 偏空 0个 (后端已计算)
✅ 采集成功
   偏多 >80%: 0个
   偏空 >80%: 0个
   总监控: 28个
   文件: bias_stats_20260316.jsonl

下次采集: 02:45:00 (等待 299 秒)
============================================================

【第 20 轮采集】 2026-03-16 02:45:00
------------------------------------------------------------
✅ 采集成功: 偏多 0个, 偏空 0个 (后端已计算)
✅ 采集成功
   偏多 >80%: 0个
   偏空 >80%: 0个
   总监控: 28个
   文件: bias_stats_20260316.jsonl

下次采集: 02:50:00 (等待 299 秒)
============================================================

【第 21 轮采集】 2026-03-16 02:50:00
------------------------------------------------------------
✅ 采集成功: 偏多 0个, 偏空 0个 (后端已计算)
✅ 采集成功
   偏多 >80%: 0个
   偏空 >80%: 0个
   总监控: 28个
   文件: bias_stats_20260316.jsonl

下次采集: 02:55:00 (等待 299 秒)
============================================================

【第 22 轮采集】 2026-03-16 02:55:00
------------------------------------------------------------
✅ 采集成功: 偏多 0个, 偏空 1个 (后端已计算)
✅ 采集成功
   偏多 >80%: 0个
   偏空 >80%: 1个
   币种: TRX(81.0%)
   总监控: 28个
   文件: bias_stats_20260316.jsonl

下次采集: 03:00:00 (等待 299 秒)
============================================================

【第 23 轮采集】 2026-03-16 03:00:00
------------------------------------------------------------
✅ 采集成功: 偏多 0个, 偏空 0个 (后端已计算)
✅ 采集成功
   偏多 >80%: 0个
   偏空 >80%: 0个
   总监控: 28个
   文件: bias_stats_20260316.jsonl

下次采集: 03:05:00 (等待 299 秒)
============================================================

【第 24 轮采集】 2026-03-16 03:05:00
------------------------------------------------------------
✅ 采集成功: 偏多 0个, 偏空 0个 (后端已计算)
✅ 采集成功
   偏多 >80%: 0个
   偏空 >80%: 0个
   总监控: 28个
   文件: bias_stats_20260316.jsonl

下次采集: 03:10:00 (等待 299 秒)
============================================================

【第 25 轮采集】 2026-03-16 03:10:00
------------------------------------------------------------
✅ 采集成功: 偏多 0个, 偏空 0个 (后端已计算)
✅ 采集成功
   偏多 >80%: 0个
   偏空 >80%: 0个
   总监控: 28个
   文件: bias_stats_20260316.jsonl

下次采集: 03:15:00 (等待 299 秒)
============================================================

【第 26 轮采集】 2026-03-16 03:15:00
------------------------------------------------------------
✅ 采集成功: 偏多 0个, 偏空 0个 (后端已计算)
✅ 采集成功
   偏多 >80%: 0个
   偏空 >80%: 0个
   总监控: 28个
   文件: bias_stats_20260316.jsonl

下次采集: 03:20:00 (等待 299 秒)
============================================================

【第 27 轮采集】 2026-03-16 03:20:00
------------------------------------------------------------
✅ 采集成功: 偏多 0个, 偏空 0个 (后端已计算)
✅ 采集成功
   偏多 >80%: 0个
   偏空 >80%: 0个
   总监控: 28个
   文件: bias_stats_20260316.jsonl

下次采集: 03:25:00 (等待 299 秒)
============================================================

【第 28 轮采集】 2026-03-16 03:25:00
------------------------------------------------------------
✅ 采集成功: 偏多 0个, 偏空 0个 (后端已计算)
✅ 采集成功
   偏多 >80%: 0个
   偏空 >80%: 0个
   总监控: 28个
   文件: bias_stats_20260316.jsonl

下次采集: 03:30:00 (等待 299 秒)
============================================================

【第 29 轮采集】 2026-03-16 03:30:00
------------------------------------------------------------
✅ 采集成功: 偏多 0个, 偏空 0个 (后端已计算)
✅ 采集成功
   偏多 >80%: 0个
   偏空 >80%: 0个
   总监控: 28个
   文件: bias_stats_20260316.jsonl

下次采集: 03:35:00 (等待 299 秒)
============================================================

【第 30 轮采集】 2026-03-16 03:35:00
------------------------------------------------------------
✅ 采集成功: 偏多 0个, 偏空 0个 (后端已计算)
✅ 采集成功
   偏多 >80%: 0个
   偏空 >80%: 0个
   总监控: 28个
   文件: bias_stats_20260316.jsonl

下次采集: 03:40:00 (等待 299 秒)
============================================================

【第 31 轮采集】 2026-03-16 03:40:00
------------------------------------------------------------
✅ 采集成功: 偏多 0个, 偏空 0个 (后端已计算)
✅ 采集成功
   偏多 >80%: 0个
   偏空 >80%: 0个
   总监控: 28个
   文件: bias_stats_20260316.jsonl

下次采集: 03:45:00 (等待 299 秒)
============================================================

【第 32 轮采集】 2026-03-16 03:45:00
------------------------------------------------------------
✅ 采集成功: 偏多 0个, 偏空 0个 (后端已计算)
✅ 采集成功
   偏多 >80%: 0个
   偏空 >80%: 0个
   总监控: 28个
   文件: bias_stats_20260316.jsonl

下次采集: 03:50:00 (等待 299 秒)
============================================================

【第 33 轮采集】 2026-03-16 03:50:00
------------------------------------------------------------
✅ 采集成功: 偏多 0个, 偏空 0个 (后端已计算)
✅ 采集成功
   偏多 >80%: 0个
   偏空 >80%: 0个
   总监控: 28个
   文件: bias_stats_20260316.jsonl

下次采集: 03:55:00 (等待 299 秒)
============================================================

【第 34 轮采集】 2026-03-16 03:55:00
------------------------------------------------------------
✅ 采集成功: 偏多 0个, 偏空 0个 (后端已计算)
✅ 采集成功
   偏多 >80%: 0个
   偏空 >80%: 0个
   总监控: 28个
   文件: bias_stats_20260316.jsonl

下次采集: 04:00:00 (等待 299 秒)
============================================================

【第 35 轮采集】 2026-03-16 04:00:00
------------------------------------------------------------
✅ 采集成功: 偏多 0个, 偏空 0个 (后端已计算)
✅ 采集成功
   偏多 >80%: 0个
   偏空 >80%: 0个
   总监控: 28个
   文件: bias_stats_20260316.jsonl

下次采集: 04:05:00 (等待 299 秒)
============================================================

【第 36 轮采集】 2026-03-16 04:05:00
------------------------------------------------------------
✅ 采集成功: 偏多 0个, 偏空 0个 (后端已计算)
✅ 采集成功
   偏多 >80%: 0个
   偏空 >80%: 0个
   总监控: 28个
   文件: bias_stats_20260316.jsonl

下次采集: 04:10:00 (等待 299 秒)
============================================================

【第 37 轮采集】 2026-03-16 04:10:00
------------------------------------------------------------
✅ 采集成功: 偏多 0个, 偏空 0个 (后端已计算)
✅ 采集成功
   偏多 >80%: 0个
   偏空 >80%: 0个
   总监控: 28个
   文件: bias_stats_20260316.jsonl

下次采集: 04:15:00 (等待 299 秒)
============================================================

【第 38 轮采集】 2026-03-16 04:15:00
------------------------------------------------------------
✅ 采集成功: 偏多 0个, 偏空 0个 (后端已计算)
✅ 采集成功
   偏多 >80%: 0个
   偏空 >80%: 0个
   总监控: 28个
   文件: bias_stats_20260316.jsonl

下次采集: 04:20:00 (等待 299 秒)
============================================================

【第 39 轮采集】 2026-03-16 04:20:00
------------------------------------------------------------
✅ 采集成功: 偏多 0个, 偏空 0个 (后端已计算)
✅ 采集成功
   偏多 >80%: 0个
   偏空 >80%: 0个
   总监控: 28个
   文件: bias_stats_20260316.jsonl

下次采集: 04:25:00 (等待 299 秒)
============================================================

【第 40 轮采集】 2026-03-16 04:25:00
------------------------------------------------------------
✅ 采集成功: 偏多 0个, 偏空 0个 (后端已计算)
✅ 采集成功
   偏多 >80%: 0个
   偏空 >80%: 0个
   总监控: 28个
   文件: bias_stats_20260316.jsonl

下次采集: 04:30:00 (等待 299 秒)
============================================================

【第 41 轮采集】 2026-03-16 04:30:00
------------------------------------------------------------
✅ 采集成功: 偏多 0个, 偏空 0个 (后端已计算)
✅ 采集成功
   偏多 >80%: 0个
   偏空 >80%: 0个
   总监控: 28个
   文件: bias_stats_20260316.jsonl

下次采集: 04:35:00 (等待 299 秒)
============================================================

【第 42 轮采集】 2026-03-16 04:35:00
------------------------------------------------------------
✅ 采集成功: 偏多 0个, 偏空 0个 (后端已计算)
✅ 采集成功
   偏多 >80%: 0个
   偏空 >80%: 0个
   总监控: 28个
   文件: bias_stats_20260316.jsonl

下次采集: 04:40:00 (等待 299 秒)
============================================================

【第 43 轮采集】 2026-03-16 04:40:00
------------------------------------------------------------
✅ 采集成功: 偏多 0个, 偏空 0个 (后端已计算)
✅ 采集成功
   偏多 >80%: 0个
   偏空 >80%: 0个
   总监控: 28个
   文件: bias_stats_20260316.jsonl

下次采集: 04:45:00 (等待 299 秒)
============================================================

【第 44 轮采集】 2026-03-16 04:45:00
------------------------------------------------------------
✅ 采集成功: 偏多 0个, 偏空 0个 (后端已计算)
✅ 采集成功
   偏多 >80%: 0个
   偏空 >80%: 0个
   总监控: 28个
   文件: bias_stats_20260316.jsonl

下次采集: 04:50:00 (等待 299 秒)
============================================================

【第 45 轮采集】 2026-03-16 04:50:00
------------------------------------------------------------
✅ 采集成功: 偏多 0个, 偏空 0个 (后端已计算)
✅ 采集成功
   偏多 >80%: 0个
   偏空 >80%: 0个
   总监控: 28个
   文件: bias_stats_20260316.jsonl

下次采集: 04:55:00 (等待 299 秒)
============================================================

【第 46 轮采集】 2026-03-16 04:55:00
------------------------------------------------------------
✅ 采集成功: 偏多 0个, 偏空 0个 (后端已计算)
✅ 采集成功
   偏多 >80%: 0个
   偏空 >80%: 0个
   总监控: 28个
   文件: bias_stats_20260316.jsonl

下次采集: 05:00:00 (等待 299 秒)
============================================================

【第 47 轮采集】 2026-03-16 05:00:00
------------------------------------------------------------
✅ 采集成功: 偏多 0个, 偏空 0个 (后端已计算)
✅ 采集成功
   偏多 >80%: 0个
   偏空 >80%: 0个
   总监控: 28个
   文件: bias_stats_20260316.jsonl

下次采集: 05:05:00 (等待 299 秒)
============================================================

【第 48 轮采集】 2026-03-16 05:05:00
------------------------------------------------------------
✅ 采集成功: 偏多 0个, 偏空 0个 (后端已计算)
✅ 采集成功
   偏多 >80%: 0个
   偏空 >80%: 0个
   总监控: 28个
   文件: bias_stats_20260316.jsonl

下次采集: 05:10:00 (等待 299 秒)
============================================================

【第 49 轮采集】 2026-03-16 05:10:12
------------------------------------------------------------
✅ 采集成功: 偏多 0个, 偏空 0个 (后端已计算)
✅ 采集成功
   偏多 >80%: 0个
   偏空 >80%: 0个
   总监控: 28个
   文件: bias_stats_20260316.jsonl

下次采集: 05:15:00 (等待 287 秒)
============================================================

【第 50 轮采集】 2026-03-16 05:15:26
------------------------------------------------------------
✅ 采集成功: 偏多 0个, 偏空 0个 (后端已计算)
✅ 采集成功
   偏多 >80%: 0个
   偏空 >80%: 0个
   总监控: 28个
   文件: bias_stats_20260316.jsonl

下次采集: 05:20:00 (等待 273 秒)
============================================================

【第 51 轮采集】 2026-03-16 05:20:00
------------------------------------------------------------
✅ 采集成功: 偏多 0个, 偏空 0个 (后端已计算)
✅ 采集成功
   偏多 >80%: 0个
   偏空 >80%: 0个
   总监控: 28个
   文件: bias_stats_20260316.jsonl

下次采集: 05:25:00 (等待 299 秒)
============================================================

【第 52 轮采集】 2026-03-16 05:25:00
------------------------------------------------------------
✅ 采集成功: 偏多 0个, 偏空 0个 (后端已计算)
✅ 采集成功
   偏多 >80%: 0个
   偏空 >80%: 0个
   总监控: 28个
   文件: bias_stats_20260316.jsonl

下次采集: 05:30:00 (等待 299 秒)
============================================================

【第 53 轮采集】 2026-03-16 05:30:00
------------------------------------------------------------
✅ 采集成功: 偏多 0个, 偏空 0个 (后端已计算)
✅ 采集成功
   偏多 >80%: 0个
   偏空 >80%: 0个
   总监控: 28个
   文件: bias_stats_20260316.jsonl

下次采集: 05:35:00 (等待 299 秒)
============================================================

【第 54 轮采集】 2026-03-16 05:35:00
------------------------------------------------------------
✅ 采集成功: 偏多 0个, 偏空 0个 (后端已计算)
✅ 采集成功
   偏多 >80%: 0个
   偏空 >80%: 0个
   总监控: 28个
   文件: bias_stats_20260316.jsonl

下次采集: 05:40:00 (等待 299 秒)
============================================================

【第 55 轮采集】 2026-03-16 05:40:00
------------------------------------------------------------
✅ 采集成功: 偏多 0个, 偏空 0个 (后端已计算)
✅ 采集成功
   偏多 >80%: 0个
   偏空 >80%: 0个
   总监控: 28个
   文件: bias_stats_20260316.jsonl

下次采集: 05:45:00 (等待 299 秒)
============================================================

【第 56 轮采集】 2026-03-16 05:45:00
------------------------------------------------------------
✅ 采集成功: 偏多 0个, 偏空 0个 (后端已计算)
✅ 采集成功
   偏多 >80%: 0个
   偏空 >80%: 0个
   总监控: 28个
   文件: bias_stats_20260316.jsonl

下次采集: 05:50:00 (等待 299 秒)
============================================================

【第 57 轮采集】 2026-03-16 05:50:00
------------------------------------------------------------
✅ 采集成功: 偏多 0个, 偏空 0个 (后端已计算)
✅ 采集成功
   偏多 >80%: 0个
   偏空 >80%: 0个
   总监控: 28个
   文件: bias_stats_20260316.jsonl

下次采集: 05:55:00 (等待 299 秒)
============================================================

【第 58 轮采集】 2026-03-16 05:55:00
------------------------------------------------------------
✅ 采集成功: 偏多 0个, 偏空 0个 (后端已计算)
✅ 采集成功
   偏多 >80%: 0个
   偏空 >80%: 0个
   总监控: 28个
   文件: bias_stats_20260316.jsonl

下次采集: 06:00:00 (等待 299 秒)
============================================================

【第 59 轮采集】 2026-03-16 06:00:00
------------------------------------------------------------
✅ 采集成功: 偏多 0个, 偏空 0个 (后端已计算)
✅ 采集成功
   偏多 >80%: 0个
   偏空 >80%: 0个
   总监控: 28个
   文件: bias_stats_20260316.jsonl

下次采集: 06:05:00 (等待 299 秒)
============================================================

【第 60 轮采集】 2026-03-16 06:05:00
------------------------------------------------------------
✅ 采集成功: 偏多 0个, 偏空 0个 (后端已计算)
✅ 采集成功
   偏多 >80%: 0个
   偏空 >80%: 0个
   总监控: 28个
   文件: bias_stats_20260316.jsonl

下次采集: 06:10:00 (等待 299 秒)
============================================================

【第 61 轮采集】 2026-03-16 06:10:00
------------------------------------------------------------
✅ 采集成功: 偏多 0个, 偏空 0个 (后端已计算)
✅ 采集成功
   偏多 >80%: 0个
   偏空 >80%: 0个
   总监控: 28个
   文件: bias_stats_20260316.jsonl

下次采集: 06:15:00 (等待 299 秒)
============================================================

【第 62 轮采集】 2026-03-16 06:15:00
------------------------------------------------------------
✅ 采集成功: 偏多 0个, 偏空 0个 (后端已计算)
✅ 采集成功
   偏多 >80%: 0个
   偏空 >80%: 0个
   总监控: 28个
   文件: bias_stats_20260316.jsonl

下次采集: 06:20:00 (等待 299 秒)
============================================================

【第 63 轮采集】 2026-03-16 06:20:00
------------------------------------------------------------
✅ 采集成功: 偏多 0个, 偏空 0个 (后端已计算)
✅ 采集成功
   偏多 >80%: 0个
   偏空 >80%: 0个
   总监控: 28个
   文件: bias_stats_20260316.jsonl

下次采集: 06:25:00 (等待 299 秒)
============================================================

【第 64 轮采集】 2026-03-16 06:25:00
------------------------------------------------------------
✅ 采集成功: 偏多 0个, 偏空 0个 (后端已计算)
✅ 采集成功
   偏多 >80%: 0个
   偏空 >80%: 0个
   总监控: 28个
   文件: bias_stats_20260316.jsonl

下次采集: 06:30:00 (等待 299 秒)
============================================================

【第 65 轮采集】 2026-03-16 06:30:00
------------------------------------------------------------
✅ 采集成功: 偏多 0个, 偏空 0个 (后端已计算)
✅ 采集成功
   偏多 >80%: 0个
   偏空 >80%: 0个
   总监控: 28个
   文件: bias_stats_20260316.jsonl

下次采集: 06:35:00 (等待 299 秒)
============================================================

【第 66 轮采集】 2026-03-16 06:35:00
------------------------------------------------------------
✅ 采集成功: 偏多 0个, 偏空 0个 (后端已计算)
✅ 采集成功
   偏多 >80%: 0个
   偏空 >80%: 0个
   总监控: 28个
   文件: bias_stats_20260316.jsonl

下次采集: 06:40:00 (等待 299 秒)
============================================================

【第 67 轮采集】 2026-03-16 06:40:00
------------------------------------------------------------
✅ 采集成功: 偏多 0个, 偏空 0个 (后端已计算)
✅ 采集成功
   偏多 >80%: 0个
   偏空 >80%: 0个
   总监控: 28个
   文件: bias_stats_20260316.jsonl

下次采集: 06:45:00 (等待 299 秒)
============================================================

【第 68 轮采集】 2026-03-16 06:45:00
------------------------------------------------------------
✅ 采集成功: 偏多 0个, 偏空 0个 (后端已计算)
✅ 采集成功
   偏多 >80%: 0个
   偏空 >80%: 0个
   总监控: 28个
   文件: bias_stats_20260316.jsonl

下次采集: 06:50:00 (等待 299 秒)
============================================================

【第 69 轮采集】 2026-03-16 06:50:00
------------------------------------------------------------
✅ 采集成功: 偏多 0个, 偏空 0个 (后端已计算)
✅ 采集成功
   偏多 >80%: 0个
   偏空 >80%: 0个
   总监控: 28个
   文件: bias_stats_20260316.jsonl

下次采集: 06:55:00 (等待 299 秒)
============================================================

【第 70 轮采集】 2026-03-16 06:55:00
------------------------------------------------------------
✅ 采集成功: 偏多 0个, 偏空 0个 (后端已计算)
✅ 采集成功
   偏多 >80%: 0个
   偏空 >80%: 0个
   总监控: 28个
   文件: bias_stats_20260316.jsonl

下次采集: 07:00:00 (等待 299 秒)
============================================================

【第 71 轮采集】 2026-03-16 07:00:00
------------------------------------------------------------
✅ 采集成功: 偏多 0个, 偏空 0个 (后端已计算)
✅ 采集成功
   偏多 >80%: 0个
   偏空 >80%: 0个
   总监控: 28个
   文件: bias_stats_20260316.jsonl

下次采集: 07:05:00 (等待 299 秒)
============================================================

【第 72 轮采集】 2026-03-16 07:05:00
------------------------------------------------------------
✅ 采集成功: 偏多 0个, 偏空 0个 (后端已计算)
✅ 采集成功
   偏多 >80%: 0个
   偏空 >80%: 0个
   总监控: 28个
   文件: bias_stats_20260316.jsonl

下次采集: 07:10:00 (等待 299 秒)
============================================================

【第 73 轮采集】 2026-03-16 07:10:00
------------------------------------------------------------
✅ 采集成功: 偏多 0个, 偏空 0个 (后端已计算)
✅ 采集成功
   偏多 >80%: 0个
   偏空 >80%: 0个
   总监控: 28个
   文件: bias_stats_20260316.jsonl

下次采集: 07:15:00 (等待 299 秒)
============================================================

【第 74 轮采集】 2026-03-16 07:15:00
------------------------------------------------------------
✅ 采集成功: 偏多 0个, 偏空 0个 (后端已计算)
✅ 采集成功
   偏多 >80%: 0个
   偏空 >80%: 0个
   总监控: 28个
   文件: bias_stats_20260316.jsonl

下次采集: 07:20:00 (等待 299 秒)
============================================================

【第 75 轮采集】 2026-03-16 07:20:00
------------------------------------------------------------
✅ 采集成功: 偏多 0个, 偏空 0个 (后端已计算)
✅ 采集成功
   偏多 >80%: 0个
   偏空 >80%: 0个
   总监控: 28个
   文件: bias_stats_20260316.jsonl

下次采集: 07:25:00 (等待 299 秒)
============================================================

【第 76 轮采集】 2026-03-16 07:25:00
------------------------------------------------------------
✅ 采集成功: 偏多 0个, 偏空 0个 (后端已计算)
✅ 采集成功
   偏多 >80%: 0个
   偏空 >80%: 0个
   总监控: 28个
   文件: bias_stats_20260316.jsonl

下次采集: 07:30:00 (等待 299 秒)
============================================================

【第 77 轮采集】 2026-03-16 07:30:00
------------------------------------------------------------
✅ 采集成功: 偏多 0个, 偏空 0个 (后端已计算)
✅ 采集成功
   偏多 >80%: 0个
   偏空 >80%: 0个
   总监控: 28个
   文件: bias_stats_20260316.jsonl

下次采集: 07:35:00 (等待 299 秒)
============================================================

【第 78 轮采集】 2026-03-16 07:35:00
------------------------------------------------------------
✅ 采集成功: 偏多 0个, 偏空 0个 (后端已计算)
✅ 采集成功
   偏多 >80%: 0个
   偏空 >80%: 0个
   总监控: 28个
   文件: bias_stats_20260316.jsonl

下次采集: 07:40:00 (等待 299 秒)
============================================================

【第 79 轮采集】 2026-03-16 07:40:00
------------------------------------------------------------
✅ 采集成功: 偏多 0个, 偏空 0个 (后端已计算)
✅ 采集成功
   偏多 >80%: 0个
   偏空 >80%: 0个
   总监控: 28个
   文件: bias_stats_20260316.jsonl

下次采集: 07:45:00 (等待 299 秒)
============================================================

【第 80 轮采集】 2026-03-16 07:45:00
------------------------------------------------------------
✅ 采集成功: 偏多 0个, 偏空 0个 (后端已计算)
✅ 采集成功
   偏多 >80%: 0个
   偏空 >80%: 0个
   总监控: 28个
   文件: bias_stats_20260316.jsonl

下次采集: 07:50:00 (等待 299 秒)
============================================================

【第 81 轮采集】 2026-03-16 07:50:00
------------------------------------------------------------
✅ 采集成功: 偏多 0个, 偏空 0个 (后端已计算)
✅ 采集成功
   偏多 >80%: 0个
   偏空 >80%: 0个
   总监控: 28个
   文件: bias_stats_20260316.jsonl

下次采集: 07:55:00 (等待 299 秒)
============================================================

【第 82 轮采集】 2026-03-16 07:55:00
------------------------------------------------------------
✅ 采集成功: 偏多 0个, 偏空 0个 (后端已计算)
✅ 采集成功
   偏多 >80%: 0个
   偏空 >80%: 0个
   总监控: 28个
   文件: bias_stats_20260316.jsonl

下次采集: 08:00:00 (等待 299 秒)
============================================================

【第 83 轮采集】 2026-03-16 08:00:00
------------------------------------------------------------
✅ 采集成功: 偏多 0个, 偏空 0个 (后端已计算)
✅ 采集成功
   偏多 >80%: 0个
   偏空 >80%: 0个
   总监控: 28个
   文件: bias_stats_20260316.jsonl

下次采集: 08:05:00 (等待 299 秒)
============================================================

【第 84 轮采集】 2026-03-16 08:05:00
------------------------------------------------------------
✅ 采集成功: 偏多 0个, 偏空 0个 (后端已计算)
✅ 采集成功
   偏多 >80%: 0个
   偏空 >80%: 0个
   总监控: 28个
   文件: bias_stats_20260316.jsonl

下次采集: 08:10:00 (等待 299 秒)
============================================================

【第 85 轮采集】 2026-03-16 08:10:00
------------------------------------------------------------
✅ 采集成功: 偏多 0个, 偏空 0个 (后端已计算)
✅ 采集成功
   偏多 >80%: 0个
   偏空 >80%: 0个
   总监控: 28个
   文件: bias_stats_20260316.jsonl

下次采集: 08:15:00 (等待 299 秒)
============================================================

【第 86 轮采集】 2026-03-16 08:15:00
------------------------------------------------------------
✅ 采集成功: 偏多 0个, 偏空 0个 (后端已计算)
✅ 采集成功
   偏多 >80%: 0个
   偏空 >80%: 0个
   总监控: 28个
   文件: bias_stats_20260316.jsonl

下次采集: 08:20:00 (等待 299 秒)
============================================================

【第 87 轮采集】 2026-03-16 08:20:00
------------------------------------------------------------
✅ 采集成功: 偏多 0个, 偏空 0个 (后端已计算)
✅ 采集成功
   偏多 >80%: 0个
   偏空 >80%: 0个
   总监控: 28个
   文件: bias_stats_20260316.jsonl

下次采集: 08:25:00 (等待 299 秒)
============================================================

【第 88 轮采集】 2026-03-16 08:25:00
------------------------------------------------------------
✅ 采集成功: 偏多 0个, 偏空 0个 (后端已计算)
✅ 采集成功
   偏多 >80%: 0个
   偏空 >80%: 0个
   总监控: 28个
   文件: bias_stats_20260316.jsonl

下次采集: 08:30:00 (等待 299 秒)
============================================================

【第 89 轮采集】 2026-03-16 08:30:00
------------------------------------------------------------
✅ 采集成功: 偏多 0个, 偏空 0个 (后端已计算)
✅ 采集成功
   偏多 >80%: 0个
   偏空 >80%: 0个
   总监控: 28个
   文件: bias_stats_20260316.jsonl

下次采集: 08:35:00 (等待 299 秒)
============================================================

【第 90 轮采集】 2026-03-16 08:35:00
------------------------------------------------------------
✅ 采集成功: 偏多 0个, 偏空 0个 (后端已计算)
✅ 采集成功
   偏多 >80%: 0个
   偏空 >80%: 0个
   总监控: 28个
   文件: bias_stats_20260316.jsonl

下次采集: 08:40:00 (等待 299 秒)
============================================================

【第 91 轮采集】 2026-03-16 08:40:00
------------------------------------------------------------
✅ 采集成功: 偏多 0个, 偏空 0个 (后端已计算)
✅ 采集成功
   偏多 >80%: 0个
   偏空 >80%: 0个
   总监控: 28个
   文件: bias_stats_20260316.jsonl

下次采集: 08:45:00 (等待 299 秒)
============================================================

【第 92 轮采集】 2026-03-16 08:45:00
------------------------------------------------------------
✅ 采集成功: 偏多 0个, 偏空 0个 (后端已计算)
✅ 采集成功
   偏多 >80%: 0个
   偏空 >80%: 0个
   总监控: 28个
   文件: bias_stats_20260316.jsonl

下次采集: 08:50:00 (等待 299 秒)
============================================================

【第 93 轮采集】 2026-03-16 08:50:00
------------------------------------------------------------
✅ 采集成功: 偏多 0个, 偏空 0个 (后端已计算)
✅ 采集成功
   偏多 >80%: 0个
   偏空 >80%: 0个
   总监控: 28个
   文件: bias_stats_20260316.jsonl

下次采集: 08:55:00 (等待 299 秒)
============================================================

【第 94 轮采集】 2026-03-16 08:55:00
------------------------------------------------------------
✅ 采集成功: 偏多 0个, 偏空 0个 (后端已计算)
✅ 采集成功
   偏多 >80%: 0个
   偏空 >80%: 0个
   总监控: 28个
   文件: bias_stats_20260316.jsonl

下次采集: 09:00:00 (等待 299 秒)
============================================================

【第 95 轮采集】 2026-03-16 09:00:00
------------------------------------------------------------
✅ 采集成功: 偏多 0个, 偏空 0个 (后端已计算)
✅ 采集成功
   偏多 >80%: 0个
   偏空 >80%: 0个
   总监控: 28个
   文件: bias_stats_20260316.jsonl

下次采集: 09:05:00 (等待 299 秒)
============================================================

【第 96 轮采集】 2026-03-16 09:05:00
------------------------------------------------------------
✅ 采集成功: 偏多 0个, 偏空 0个 (后端已计算)
✅ 采集成功
   偏多 >80%: 0个
   偏空 >80%: 0个
   总监控: 28个
   文件: bias_stats_20260316.jsonl

下次采集: 09:10:00 (等待 299 秒)
============================================================

【第 97 轮采集】 2026-03-16 09:10:00
------------------------------------------------------------
✅ 采集成功: 偏多 0个, 偏空 1个 (后端已计算)
✅ 采集成功
   偏多 >80%: 0个
   偏空 >80%: 1个
   币种: TAO(83.3%)
   总监控: 28个
   文件: bias_stats_20260316.jsonl

下次采集: 09:15:00 (等待 299 秒)
============================================================

【第 98 轮采集】 2026-03-16 09:15:20
------------------------------------------------------------
✅ 采集成功: 偏多 0个, 偏空 1个 (后端已计算)
✅ 采集成功
   偏多 >80%: 0个
   偏空 >80%: 1个
   币种: TAO(83.3%)
   总监控: 28个
   文件: bias_stats_20260316.jsonl

下次采集: 09:20:00 (等待 279 秒)
============================================================

【第 99 轮采集】 2026-03-16 09:20:00
------------------------------------------------------------
✅ 采集成功: 偏多 0个, 偏空 1个 (后端已计算)
✅ 采集成功
   偏多 >80%: 0个
   偏空 >80%: 1个
   币种: TAO(83.3%)
   总监控: 28个
   文件: bias_stats_20260316.jsonl

下次采集: 09:25:00 (等待 299 秒)
============================================================

【第 100 轮采集】 2026-03-16 09:25:00
------------------------------------------------------------
✅ 采集成功: 偏多 0个, 偏空 0个 (后端已计算)
✅ 采集成功
   偏多 >80%: 0个
   偏空 >80%: 0个
   总监控: 28个
   文件: bias_stats_20260316.jsonl

下次采集: 09:30:00 (等待 299 秒)
============================================================

【第 101 轮采集】 2026-03-16 09:30:00
------------------------------------------------------------
✅ 采集成功: 偏多 0个, 偏空 0个 (后端已计算)
✅ 采集成功
   偏多 >80%: 0个
   偏空 >80%: 0个
   总监控: 28个
   文件: bias_stats_20260316.jsonl

下次采集: 09:35:00 (等待 299 秒)
============================================================

【第 102 轮采集】 2026-03-16 09:35:00
------------------------------------------------------------
✅ 采集成功: 偏多 0个, 偏空 0个 (后端已计算)
✅ 采集成功
   偏多 >80%: 0个
   偏空 >80%: 0个
   总监控: 28个
   文件: bias_stats_20260316.jsonl

下次采集: 09:40:00 (等待 299 秒)
============================================================

【第 103 轮采集】 2026-03-16 09:40:00
------------------------------------------------------------
✅ 采集成功: 偏多 0个, 偏空 0个 (后端已计算)
✅ 采集成功
   偏多 >80%: 0个
   偏空 >80%: 0个
   总监控: 28个
   文件: bias_stats_20260316.jsonl

下次采集: 09:45:00 (等待 299 秒)
============================================================

【第 104 轮采集】 2026-03-16 09:45:00
------------------------------------------------------------
✅ 采集成功: 偏多 0个, 偏空 0个 (后端已计算)
✅ 采集成功
   偏多 >80%: 0个
   偏空 >80%: 0个
   总监控: 28个
   文件: bias_stats_20260316.jsonl

下次采集: 09:50:00 (等待 299 秒)
============================================================

【第 105 轮采集】 2026-03-16 09:50:00
------------------------------------------------------------
✅ 采集成功: 偏多 0个, 偏空 0个 (后端已计算)
✅ 采集成功
   偏多 >80%: 0个
   偏空 >80%: 0个
   总监控: 28个
   文件: bias_stats_20260316.jsonl

下次采集: 09:55:00 (等待 299 秒)
============================================================

【第 106 轮采集】 2026-03-16 09:55:00
------------------------------------------------------------
✅ 采集成功: 偏多 0个, 偏空 0个 (后端已计算)
✅ 采集成功
   偏多 >80%: 0个
   偏空 >80%: 0个
   总监控: 28个
   文件: bias_stats_20260316.jsonl

下次采集: 10:00:00 (等待 299 秒)
============================================================

【第 107 轮采集】 2026-03-16 10:00:00
------------------------------------------------------------
✅ 采集成功: 偏多 0个, 偏空 0个 (后端已计算)
✅ 采集成功
   偏多 >80%: 0个
   偏空 >80%: 0个
   总监控: 28个
   文件: bias_stats_20260316.jsonl

下次采集: 10:05:00 (等待 299 秒)
============================================================

【第 108 轮采集】 2026-03-16 10:05:00
------------------------------------------------------------
✅ 采集成功: 偏多 0个, 偏空 0个 (后端已计算)
✅ 采集成功
   偏多 >80%: 0个
   偏空 >80%: 0个
   总监控: 28个
   文件: bias_stats_20260316.jsonl

下次采集: 10:10:00 (等待 299 秒)
============================================================

【第 109 轮采集】 2026-03-16 10:10:00
------------------------------------------------------------
✅ 采集成功: 偏多 0个, 偏空 0个 (后端已计算)
✅ 采集成功
   偏多 >80%: 0个
   偏空 >80%: 0个
   总监控: 28个
   文件: bias_stats_20260316.jsonl

下次采集: 10:15:00 (等待 299 秒)
============================================================

【第 110 轮采集】 2026-03-16 10:15:00
------------------------------------------------------------
✅ 采集成功: 偏多 0个, 偏空 0个 (后端已计算)
✅ 采集成功
   偏多 >80%: 0个
   偏空 >80%: 0个
   总监控: 28个
   文件: bias_stats_20260316.jsonl

下次采集: 10:20:00 (等待 299 秒)
============================================================

【第 111 轮采集】 2026-03-16 10:20:00
------------------------------------------------------------
✅ 采集成功: 偏多 0个, 偏空 0个 (后端已计算)
✅ 采集成功
   偏多 >80%: 0个
   偏空 >80%: 0个
   总监控: 28个
   文件: bias_stats_20260316.jsonl

下次采集: 10:25:00 (等待 299 秒)
============================================================

【第 112 轮采集】 2026-03-16 10:25:00
------------------------------------------------------------
✅ 采集成功: 偏多 0个, 偏空 0个 (后端已计算)
✅ 采集成功
   偏多 >80%: 0个
   偏空 >80%: 0个
   总监控: 28个
   文件: bias_stats_20260316.jsonl

下次采集: 10:30:00 (等待 299 秒)
============================================================

【第 113 轮采集】 2026-03-16 10:30:00
------------------------------------------------------------
✅ 采集成功: 偏多 0个, 偏空 0个 (后端已计算)
✅ 采集成功
   偏多 >80%: 0个
   偏空 >80%: 0个
   总监控: 28个
   文件: bias_stats_20260316.jsonl

下次采集: 10:35:00 (等待 299 秒)
============================================================

【第 114 轮采集】 2026-03-16 10:35:00
------------------------------------------------------------
✅ 采集成功: 偏多 0个, 偏空 0个 (后端已计算)
✅ 采集成功
   偏多 >80%: 0个
   偏空 >80%: 0个
   总监控: 28个
   文件: bias_stats_20260316.jsonl

下次采集: 10:40:00 (等待 299 秒)
============================================================

【第 115 轮采集】 2026-03-16 10:40:00
------------------------------------------------------------
✅ 采集成功: 偏多 0个, 偏空 0个 (后端已计算)
✅ 采集成功
   偏多 >80%: 0个
   偏空 >80%: 0个
   总监控: 28个
   文件: bias_stats_20260316.jsonl

下次采集: 10:45:00 (等待 299 秒)
============================================================

【第 116 轮采集】 2026-03-16 10:45:00
------------------------------------------------------------
✅ 采集成功: 偏多 0个, 偏空 0个 (后端已计算)
✅ 采集成功
   偏多 >80%: 0个
   偏空 >80%: 0个
   总监控: 28个
   文件: bias_stats_20260316.jsonl

下次采集: 10:50:00 (等待 299 秒)
============================================================

【第 117 轮采集】 2026-03-16 10:50:00
------------------------------------------------------------
✅ 采集成功: 偏多 0个, 偏空 0个 (后端已计算)
✅ 采集成功
   偏多 >80%: 0个
   偏空 >80%: 0个
   总监控: 28个
   文件: bias_stats_20260316.jsonl

下次采集: 10:55:00 (等待 299 秒)
============================================================

【第 118 轮采集】 2026-03-16 10:55:00
------------------------------------------------------------
✅ 采集成功: 偏多 0个, 偏空 0个 (后端已计算)
✅ 采集成功
   偏多 >80%: 0个
   偏空 >80%: 0个
   总监控: 28个
   文件: bias_stats_20260316.jsonl

下次采集: 11:00:00 (等待 299 秒)
============================================================

【第 119 轮采集】 2026-03-16 11:00:00
------------------------------------------------------------
✅ 采集成功: 偏多 0个, 偏空 0个 (后端已计算)
✅ 采集成功
   偏多 >80%: 0个
   偏空 >80%: 0个
   总监控: 28个
   文件: bias_stats_20260316.jsonl

下次采集: 11:05:00 (等待 299 秒)
============================================================

【第 120 轮采集】 2026-03-16 11:05:00
------------------------------------------------------------
✅ 采集成功: 偏多 0个, 偏空 0个 (后端已计算)
✅ 采集成功
   偏多 >80%: 0个
   偏空 >80%: 0个
   总监控: 28个
   文件: bias_stats_20260316.jsonl

下次采集: 11:10:00 (等待 299 秒)
============================================================

【第 121 轮采集】 2026-03-16 11:10:00
------------------------------------------------------------
✅ 采集成功: 偏多 0个, 偏空 0个 (后端已计算)
✅ 采集成功
   偏多 >80%: 0个
   偏空 >80%: 0个
   总监控: 28个
   文件: bias_stats_20260316.jsonl

下次采集: 11:15:00 (等待 299 秒)
============================================================

【第 122 轮采集】 2026-03-16 11:15:00
------------------------------------------------------------
✅ 采集成功: 偏多 0个, 偏空 0个 (后端已计算)
✅ 采集成功
   偏多 >80%: 0个
   偏空 >80%: 0个
   总监控: 28个
   文件: bias_stats_20260316.jsonl

下次采集: 11:20:00 (等待 299 秒)
============================================================

【第 123 轮采集】 2026-03-16 11:20:00
------------------------------------------------------------
✅ 采集成功: 偏多 0个, 偏空 0个 (后端已计算)
✅ 采集成功
   偏多 >80%: 0个
   偏空 >80%: 0个
   总监控: 28个
   文件: bias_stats_20260316.jsonl

下次采集: 11:25:00 (等待 299 秒)
============================================================

【第 124 轮采集】 2026-03-16 11:25:00
------------------------------------------------------------
✅ 采集成功: 偏多 0个, 偏空 0个 (后端已计算)
✅ 采集成功
   偏多 >80%: 0个
   偏空 >80%: 0个
   总监控: 28个
   文件: bias_stats_20260316.jsonl

下次采集: 11:30:00 (等待 299 秒)
============================================================

【第 125 轮采集】 2026-03-16 11:30:00
------------------------------------------------------------
✅ 采集成功: 偏多 0个, 偏空 0个 (后端已计算)
✅ 采集成功
   偏多 >80%: 0个
   偏空 >80%: 0个
   总监控: 28个
   文件: bias_stats_20260316.jsonl

下次采集: 11:35:00 (等待 299 秒)
============================================================

【第 126 轮采集】 2026-03-16 11:35:00
------------------------------------------------------------
✅ 采集成功: 偏多 0个, 偏空 0个 (后端已计算)
✅ 采集成功
   偏多 >80%: 0个
   偏空 >80%: 0个
   总监控: 28个
   文件: bias_stats_20260316.jsonl

下次采集: 11:40:00 (等待 299 秒)
============================================================

【第 127 轮采集】 2026-03-16 11:40:00
------------------------------------------------------------
✅ 采集成功: 偏多 0个, 偏空 0个 (后端已计算)
✅ 采集成功
   偏多 >80%: 0个
   偏空 >80%: 0个
   总监控: 28个
   文件: bias_stats_20260316.jsonl

下次采集: 11:45:00 (等待 299 秒)
============================================================

【第 128 轮采集】 2026-03-16 11:45:00
------------------------------------------------------------
✅ 采集成功: 偏多 0个, 偏空 0个 (后端已计算)
✅ 采集成功
   偏多 >80%: 0个
   偏空 >80%: 0个
   总监控: 28个
   文件: bias_stats_20260316.jsonl

下次采集: 11:50:00 (等待 299 秒)
============================================================

【第 129 轮采集】 2026-03-16 11:50:00
------------------------------------------------------------
✅ 采集成功: 偏多 0个, 偏空 0个 (后端已计算)
✅ 采集成功
   偏多 >80%: 0个
   偏空 >80%: 0个
   总监控: 28个
   文件: bias_stats_20260316.jsonl

下次采集: 11:55:00 (等待 299 秒)
============================================================

【第 130 轮采集】 2026-03-16 11:55:00
------------------------------------------------------------
✅ 采集成功: 偏多 0个, 偏空 0个 (后端已计算)
✅ 采集成功
   偏多 >80%: 0个
   偏空 >80%: 0个
   总监控: 28个
   文件: bias_stats_20260316.jsonl

下次采集: 12:00:00 (等待 299 秒)
============================================================

【第 131 轮采集】 2026-03-16 12:00:00
------------------------------------------------------------
✅ 采集成功: 偏多 0个, 偏空 0个 (后端已计算)
✅ 采集成功
   偏多 >80%: 0个
   偏空 >80%: 0个
   总监控: 28个
   文件: bias_stats_20260316.jsonl

下次采集: 12:05:00 (等待 299 秒)
============================================================

【第 132 轮采集】 2026-03-16 12:05:00
------------------------------------------------------------
✅ 采集成功: 偏多 0个, 偏空 0个 (后端已计算)
✅ 采集成功
   偏多 >80%: 0个
   偏空 >80%: 0个
   总监控: 28个
   文件: bias_stats_20260316.jsonl

下次采集: 12:10:00 (等待 299 秒)
============================================================

【第 133 轮采集】 2026-03-16 12:10:00
------------------------------------------------------------
✅ 采集成功: 偏多 0个, 偏空 0个 (后端已计算)
✅ 采集成功
   偏多 >80%: 0个
   偏空 >80%: 0个
   总监控: 28个
   文件: bias_stats_20260316.jsonl

下次采集: 12:15:00 (等待 299 秒)
============================================================

【第 134 轮采集】 2026-03-16 12:15:00
------------------------------------------------------------
✅ 采集成功: 偏多 0个, 偏空 0个 (后端已计算)
✅ 采集成功
   偏多 >80%: 0个
   偏空 >80%: 0个
   总监控: 28个
   文件: bias_stats_20260316.jsonl

下次采集: 12:20:00 (等待 299 秒)
============================================================
